Component: Arm Compiler for Embedded 6.19 Tool: armlink [5e73cb00]

==============================================================================

Section Cross References

    startup_stm32g031xx.o(STACK) refers (Special) to heapauxi.o(.text) for __use_two_region_memory
    startup_stm32g031xx.o(HEAP) refers (Special) to heapauxi.o(.text) for __use_two_region_memory
    startup_stm32g031xx.o(RESET) refers (Special) to heapauxi.o(.text) for __use_two_region_memory
    startup_stm32g031xx.o(RESET) refers to startup_stm32g031xx.o(STACK) for __initial_sp
    startup_stm32g031xx.o(RESET) refers to startup_stm32g031xx.o(.text) for Reset_Handler
    startup_stm32g031xx.o(RESET) refers to stm32g0xx_it.o(.text.NMI_Handler) for NMI_Handler
    startup_stm32g031xx.o(RESET) refers to stm32g0xx_it.o(.text.HardFault_Handler) for HardFault_Handler
    startup_stm32g031xx.o(RESET) refers to stm32g0xx_it.o(.text.SVC_Handler) for SVC_Handler
    startup_stm32g031xx.o(RESET) refers to stm32g0xx_it.o(.text.PendSV_Handler) for PendSV_Handler
    startup_stm32g031xx.o(RESET) refers to stm32g0xx_it.o(.text.SysTick_Handler) for SysTick_Handler
    startup_stm32g031xx.o(RESET) refers to stm32g0xx_it.o(.text.EXTI4_15_IRQHandler) for EXTI4_15_IRQHandler
    startup_stm32g031xx.o(RESET) refers to stm32g0xx_it.o(.text.DMA1_Channel1_IRQHandler) for DMA1_Channel1_IRQHandler
    startup_stm32g031xx.o(RESET) refers to stm32g0xx_it.o(.text.DMA1_Channel2_3_IRQHandler) for DMA1_Channel2_3_IRQHandler
    startup_stm32g031xx.o(RESET) refers to stm32g0xx_it.o(.text.ADC1_IRQHandler) for ADC1_IRQHandler
    startup_stm32g031xx.o(RESET) refers to stm32g0xx_it.o(.text.TIM1_CC_IRQHandler) for TIM1_CC_IRQHandler
    startup_stm32g031xx.o(RESET) refers to stm32g0xx_it.o(.text.TIM2_IRQHandler) for TIM2_IRQHandler
    startup_stm32g031xx.o(RESET) refers to stm32g0xx_it.o(.text.USART2_IRQHandler) for USART2_IRQHandler
    startup_stm32g031xx.o(.text) refers (Special) to heapauxi.o(.text) for __use_two_region_memory
    startup_stm32g031xx.o(.text) refers to system_stm32g0xx.o(.text.SystemInit) for SystemInit
    startup_stm32g031xx.o(.text) refers to __main.o(!!!main) for __main
    startup_stm32g031xx.o(.text) refers to startup_stm32g031xx.o(HEAP) for Heap_Mem
    startup_stm32g031xx.o(.text) refers to startup_stm32g031xx.o(STACK) for Stack_Mem
    svpwm.o(.text.SvpwmSectorJudgment) refers to fmul.o(x$fpl$fmul) for __aeabi_fmul
    svpwm.o(.text.SvpwmSectorJudgment) refers to faddsub.o(x$fpl$fsub) for __aeabi_fsub
    svpwm.o(.text.SvpwmSectorJudgment) refers to faddsub.o(x$fpl$fadd) for __aeabi_fadd
    svpwm.o(.text.SvpwmSectorJudgment) refers to fcmp.o(i._fgr) for __aeabi_fcmpgt
    svpwm.o(.text.SvpwmSectorJudgment) refers to fcmp.o(i._fls) for __aeabi_fcmplt
    svpwm.o(.text.SvpwmSectorJudgment) refers to svpwm.o(.rodata..Lswitch.table.SvpwmContorol) for [Anonymous Symbol]
    svpwm.o(.ARM.exidx.text.SvpwmSectorJudgment) refers to svpwm.o(.text.SvpwmSectorJudgment) for [Anonymous Symbol]
    svpwm.o(.text.GetVectorDuration) refers to fflti.o(.text) for __aeabi_i2f
    svpwm.o(.text.GetVectorDuration) refers to fmul.o(x$fpl$fmul) for __aeabi_fmul
    svpwm.o(.text.GetVectorDuration) refers to fdiv.o(.text) for __aeabi_fdiv
    svpwm.o(.text.GetVectorDuration) refers to faddsub.o(x$fpl$fadd) for __aeabi_fadd
    svpwm.o(.text.GetVectorDuration) refers to faddsub.o(x$fpl$fsub) for __aeabi_fsub
    svpwm.o(.ARM.exidx.text.GetVectorDuration) refers to svpwm.o(.text.GetVectorDuration) for [Anonymous Symbol]
    svpwm.o(.text.SvpwmGenerate) refers to ffixi.o(.text) for __aeabi_f2iz
    svpwm.o(.text.SvpwmGenerate) refers to faddsub.o(x$fpl$fadd) for __aeabi_fadd
    svpwm.o(.text.SvpwmGenerate) refers to foc.o(.data.FOCdata) for FOCdata
    svpwm.o(.ARM.exidx.text.SvpwmGenerate) refers to svpwm.o(.text.SvpwmGenerate) for [Anonymous Symbol]
    svpwm.o(.text.SvpwmContorol) refers to fmul.o(x$fpl$fmul) for __aeabi_fmul
    svpwm.o(.text.SvpwmContorol) refers to faddsub.o(x$fpl$fsub) for __aeabi_fsub
    svpwm.o(.text.SvpwmContorol) refers to faddsub.o(x$fpl$fadd) for __aeabi_fadd
    svpwm.o(.text.SvpwmContorol) refers to fcmp.o(i._fgr) for __aeabi_fcmpgt
    svpwm.o(.text.SvpwmContorol) refers to fcmp.o(i._fls) for __aeabi_fcmplt
    svpwm.o(.text.SvpwmContorol) refers to svpwm.o(.text.GetVectorDuration) for GetVectorDuration
    svpwm.o(.text.SvpwmContorol) refers to svpwm.o(.text.SvpwmGenerate) for SvpwmGenerate
    svpwm.o(.text.SvpwmContorol) refers to svpwm.o(.data.gMotor) for gMotor
    svpwm.o(.text.SvpwmContorol) refers to svpwm.o(.rodata..Lswitch.table.SvpwmContorol) for [Anonymous Symbol]
    svpwm.o(.ARM.exidx.text.SvpwmContorol) refers to svpwm.o(.text.SvpwmContorol) for [Anonymous Symbol]
    svpwm.o(.text.GetSVPWMSector) refers to svpwm.o(.data.gMotor) for gMotor
    svpwm.o(.ARM.exidx.text.GetSVPWMSector) refers to svpwm.o(.text.GetSVPWMSector) for [Anonymous Symbol]
[...]
    __arm_cp.8_0                             0x08003230   Number         4  stm32g0xx_hal_tim.o(.text.HAL_TIM_Base_Stop_IT)
    __arm_cp.8_1                             0x08003234   Number         4  stm32g0xx_hal_tim.o(.text.HAL_TIM_Base_Stop_IT)
    [Anonymous Symbol]                       0x08003238   Section        0  stm32g0xx_hal_tim.o(.text.HAL_TIM_ConfigClockSource)
    __arm_cp.90_0                            0x0800338c   Number         4  stm32g0xx_hal_tim.o(.text.HAL_TIM_ConfigClockSource)
    __arm_cp.90_1                            0x08003390   Number         4  stm32g0xx_hal_tim.o(.text.HAL_TIM_ConfigClockSource)
    [Anonymous Symbol]                       0x08003394   Section        0  main.o(.text.HAL_TIM_IC_CaptureCallback)
    __arm_cp.3_0                             0x080033f4   Number         4  main.o(.text.HAL_TIM_IC_CaptureCallback)
    __arm_cp.3_1                             0x080033f8   Number         4  main.o(.text.HAL_TIM_IC_CaptureCallback)
    __arm_cp.3_2                             0x080033fc   Number         4  main.o(.text.HAL_TIM_IC_CaptureCallback)
    __arm_cp.3_3                             0x08003400   Number         4  main.o(.text.HAL_TIM_IC_CaptureCallback)
    [Anonymous Symbol]                       0x08003404   Section        0  stm32g0xx_hal_tim.o(.text.HAL_TIM_IRQHandler)
    __arm_cp.67_0                            0x080035d8   Number         4  stm32g0xx_hal_tim.o(.text.HAL_TIM_IRQHandler)
    __arm_cp.67_1                            0x080035dc   Number         4  stm32g0xx_hal_tim.o(.text.HAL_TIM_IRQHandler)
    [Anonymous Symbol]                       0x080035e0   Section        0  stm32g0xx_hal_tim.o(.text.HAL_TIM_OC_DelayElapsedCallback)
    [Anonymous Symbol]                       0x080035e4   Section        0  stm32g0xx_hal_tim.o(.text.HAL_TIM_PWM_ConfigChannel)
    __arm_cp.77_0                            0x08003934   Number         4  stm32g0xx_hal_tim.o(.text.HAL_TIM_PWM_ConfigChannel)
    __arm_cp.77_1                            0x08003938   Number         4  stm32g0xx_hal_tim.o(.text.HAL_TIM_PWM_ConfigChannel)
    __arm_cp.77_2                            0x0800393c   Number         4  stm32g0xx_hal_tim.o(.text.HAL_TIM_PWM_ConfigChannel)
    __arm_cp.77_3                            0x08003940   Number         4  stm32g0xx_hal_tim.o(.text.HAL_TIM_PWM_ConfigChannel)
    __arm_cp.77_4                            0x08003944   Number         4  stm32g0xx_hal_tim.o(.text.HAL_TIM_PWM_ConfigChannel)
    __arm_cp.77_5                            0x08003948   Number         4  stm32g0xx_hal_tim.o(.text.HAL_TIM_PWM_ConfigChannel)
    __arm_cp.77_6                            0x0800394c   Number         4  stm32g0xx_hal_tim.o(.text.HAL_TIM_PWM_ConfigChannel)
    [Anonymous Symbol]                       0x08003950   Section        0  stm32g0xx_hal_tim.o(.text.HAL_TIM_PWM_Init)
    __arm_cp.27_0                            0x08003a2c   Number         4  stm32g0xx_hal_tim.o(.text.HAL_TIM_PWM_Init)
    __arm_cp.27_3                            0x08003a30   Number         4  stm32g0xx_hal_tim.o(.text.HAL_TIM_PWM_Init)
    __arm_cp.27_4                            0x08003a34   Number         4  stm32g0xx_hal_tim.o(.text.HAL_TIM_PWM_Init)
    __arm_cp.27_5                            0x08003a38   Number         4  stm32g0xx_hal_tim.o(.text.HAL_TIM_PWM_Init)
    [Anonymous Symbol]                       0x08003a3c   Section        0  stm32g0xx_hal_tim.o(.text.HAL_TIM_PWM_MspInit)
    [Anonymous Symbol]                       0x08003a3e   Section        0  stm32g0xx_hal_tim.o(.text.HAL_TIM_PWM_PulseFinishedCallback)
    [Anonymous Symbol]                       0x08003a40   Section        0  stm32g0xx_hal_tim.o(.text.HAL_TIM_PWM_Start)
    __arm_cp.31_1                            0x08003b34   Number         4  stm32g0xx_hal_tim.o(.text.HAL_TIM_PWM_Start)
    __arm_cp.31_2                            0x08003b38   Number         4  stm32g0xx_hal_tim.o(.text.HAL_TIM_PWM_Start)
    __arm_cp.31_3                            0x08003b3c   Number         4  stm32g0xx_hal_tim.o(.text.HAL_TIM_PWM_Start)
    [Anonymous Symbol]                       0x08003b40   Section        0  stm32g0xx_hal_tim.o(.text.HAL_TIM_PWM_Start_IT)
    __arm_cp.33_0                            0x08003c4c   Number         4  stm32g0xx_hal_tim.o(.text.HAL_TIM_PWM_Start_IT)
    __arm_cp.33_1                            0x08003c50   Number         4  stm32g0xx_hal_tim.o(.text.HAL_TIM_PWM_Start_IT)
    __arm_cp.33_5                            0x08003c54   Number         4  stm32g0xx_hal_tim.o(.text.HAL_TIM_PWM_Start_IT)
    __arm_cp.33_6                            0x08003c58   Number         4  stm32g0xx_hal_tim.o(.text.HAL_TIM_PWM_Start_IT)
    [Anonymous Symbol]                       0x08003c5c   Section        0  stm32g0xx_hal_tim.o(.text.HAL_TIM_PWM_Stop)
    __arm_cp.32_1                            0x08003cf8   Number         4  stm32g0xx_hal_tim.o(.text.HAL_TIM_PWM_Stop)
    __arm_cp.32_2                            0x08003cfc   Number         4  stm32g0xx_hal_tim.o(.text.HAL_TIM_PWM_Stop)
    __arm_cp.32_3                            0x08003d00   Number         4  stm32g0xx_hal_tim.o(.text.HAL_TIM_PWM_Stop)
    [Anonymous Symbol]                       0x08003d04   Section        0  stm32g0xx_hal_tim.o(.text.HAL_TIM_PWM_Stop_IT)
    __arm_cp.34_0                            0x08003db0   Number         4  stm32g0xx_hal_tim.o(.text.HAL_TIM_PWM_Stop_IT)
    __arm_cp.34_1                            0x08003db4   Number         4  stm32g0xx_hal_tim.o(.text.HAL_TIM_PWM_Stop_IT)
    __arm_cp.34_2                            0x08003db8   Number         4  stm32g0xx_hal_tim.o(.text.HAL_TIM_PWM_Stop_IT)
    __arm_cp.34_3                            0x08003dbc   Number         4  stm32g0xx_hal_tim.o(.text.HAL_TIM_PWM_Stop_IT)
    __arm_cp.34_4                            0x08003dc0   Number         4  stm32g0xx_hal_tim.o(.text.HAL_TIM_PWM_Stop_IT)
    __arm_cp.34_5                            0x08003dc4   Number         4  stm32g0xx_hal_tim.o(.text.HAL_TIM_PWM_Stop_IT)
    [Anonymous Symbol]                       0x08003dc8   Section        0  stm32g0xx_hal_tim.o(.text.HAL_TIM_PeriodElapsedCallback)
    [Anonymous Symbol]                       0x08003dcc   Section        0  stm32g0xx_hal_tim.o(.text.HAL_TIM_ReadCapturedValue)
    [Anonymous Symbol]                       0x08003e04   Section        0  stm32g0xx_hal_tim.o(.text.HAL_TIM_TriggerCallback)
    [Anonymous Symbol]                       0x08003e06   Section        0  stm32g0xx_hal_uart.o(.text.HAL_UARTEx_RxEventCallback)
    [Anonymous Symbol]                       0x08003e08   Section        0  stm32g0xx_hal_uart_ex.o(.text.HAL_UARTEx_RxFifoFullCallback)
    [Anonymous Symbol]                       0x08003e0a   Section        0  stm32g0xx_hal_uart_ex.o(.text.HAL_UARTEx_TxFifoEmptyCallback)
    [Anonymous Symbol]                       0x08003e0c   Section        0  stm32g0xx_hal_uart_ex.o(.text.HAL_UARTEx_WakeupCallback)
    [Anonymous Symbol]                       0x08003e0e   Section        0  stm32g0xx_hal_uart.o(.text.HAL_UART_ErrorCallback)
    [Anonymous Symbol]                       0x08003e10   Section        0  stm32g0xx_hal_uart.o(.text.HAL_UART_IRQHandler)
    __arm_cp.42_5                            0x080041a4   Number         4  stm32g0xx_hal_uart.o(.text.HAL_UART_IRQHandler)
    __arm_cp.42_1                            0x08004278   Number         4  stm32g0xx_hal_uart.o(.text.HAL_UART_IRQHandler)
    __arm_cp.42_2                            0x0800427c   Number         4  stm32g0xx_hal_uart.o(.text.HAL_UART_IRQHandler)
    __arm_cp.42_3                            0x08004280   Number         4  stm32g0xx_hal_uart.o(.text.HAL_UART_IRQHandler)
    [Anonymous Symbol]                       0x08004284   Section        0  stm32g0xx_hal_uart.o(.text.HAL_UART_Init)
    [Anonymous Symbol]                       0x080042f0   Section        0  usart.o(.text.HAL_UART_MspInit)
    __arm_cp.1_0                             0x08004384   Number         4  usart.o(.text.HAL_UART_MspInit)
    __arm_cp.1_2                             0x08004388   Number         4  usart.o(.text.HAL_UART_MspInit)
    __arm_cp.1_3                             0x0800438c   Number         4  usart.o(.text.HAL_UART_MspInit)
    [Anonymous Symbol]                       0x08004390   Section        0  stm32g0xx_hal_uart.o(.text.HAL_UART_Transmit_DMA)
    __arm_cp.20_0                            0x08004434   Number         4  stm32g0xx_hal_uart.o(.text.HAL_UART_Transmit_DMA)
    __arm_cp.20_1                            0x08004438   Number         4  stm32g0xx_hal_uart.o(.text.HAL_UART_Transmit_DMA)
    __arm_cp.20_2                            0x0800443c   Number         4  stm32g0xx_hal_uart.o(.text.HAL_UART_Transmit_DMA)
    [Anonymous Symbol]                       0x08004440   Section        0  stm32g0xx_hal_uart.o(.text.HAL_UART_TxCpltCallback)
    [Anonymous Symbol]                       0x08004442   Section        0  stm32g0xx_hal_uart.o(.text.HAL_UART_TxHalfCpltCallback)
    [Anonymous Symbol]                       0x08004444   Section        0  stm32g0xx_it.o(.text.HardFault_Handler)
    [Anonymous Symbol]                       0x08004448   Section        0  adc.o(.text.MX_ADC1_Init)
    __arm_cp.0_0                             0x080044e4   Number         4  adc.o(.text.MX_ADC1_Init)
    __arm_cp.0_1                             0x080044e8   Number         4  adc.o(.text.MX_ADC1_Init)
    __arm_cp.0_2                             0x080044ec   Number         4  adc.o(.text.MX_ADC1_Init)
    __arm_cp.0_3                             0x080044f0   Number         4  adc.o(.text.MX_ADC1_Init)
    __arm_cp.0_4                             0x080044f4   Number         4  adc.o(.text.MX_ADC1_Init)
    [Anonymous Symbol]                       0x080044f8   Section        0  crc.o(.text.MX_CRC_Init)
    __arm_cp.0_0                             0x0800451c   Number         4  crc.o(.text.MX_CRC_Init)
    __arm_cp.0_1                             0x08004520   Number         4  crc.o(.text.MX_CRC_Init)
    [Anonymous Symbol]                       0x08004524   Section        0  dma.o(.text.MX_DMA_Init)
    __arm_cp.0_0                             0x08004564   Number         4  dma.o(.text.MX_DMA_Init)
    [Anonymous Symbol]                       0x08004568   Section        0  gpio.o(.text.MX_GPIO_Init)
    __arm_cp.0_0                             0x080045ec   Number         4  gpio.o(.text.MX_GPIO_Init)
    __arm_cp.0_1                             0x080045f0   Number         4  gpio.o(.text.MX_GPIO_Init)
    [Anonymous Symbol]                       0x080045f4   Section        0  tim.o(.text.MX_TIM1_Init)
    __arm_cp.0_1                             0x08004774   Number         4  tim.o(.text.MX_TIM1_Init)
    __arm_cp.0_2                             0x08004778   Number         4  tim.o(.text.MX_TIM1_Init)
    __arm_cp.0_3                             0x0800477c   Number         4  tim.o(.text.MX_TIM1_Init)
    __arm_cp.0_4                             0x08004780   Number         4  tim.o(.text.MX_TIM1_Init)
    [Anonymous Symbol]                       0x08004784   Section        0  tim.o(.text.MX_TIM2_Init)
    __arm_cp.2_0                             0x08004804   Number         4  tim.o(.text.MX_TIM2_Init)
    [Anonymous Symbol]                       0x08004808   Section        0  usart.o(.text.MX_USART2_UART_Init)
    __arm_cp.0_0                             0x08004838   Number         4  usart.o(.text.MX_USART2_UART_Init)
    __arm_cp.0_1                             0x0800483c   Number         4  usart.o(.text.MX_USART2_UART_Init)
    __arm_cp.0_2                             0x08004840   Number         4  usart.o(.text.MX_USART2_UART_Init)
    [Anonymous Symbol]                       0x08004844   Section        0  stm32g0xx_it.o(.text.NMI_Handler)
    [Anonymous Symbol]                       0x08004846   Section        0  stm32g0xx_it.o(.text.PendSV_Handler)
    [Anonymous Symbol]                       0x08004848   Section        0  stm32g0xx_it.o(.text.SVC_Handler)
    [Anonymous Symbol]                       0x0800484c   Section        0  timxpwm.o(.text.SetTIM1Channel1HighLeaveTime_us)
    [Anonymous Symbol]                       0x08004864   Section        0  timxpwm.o(.text.SetTIM1Channel2HighLeaveTime_us)
    [Anonymous Symbol]                       0x0800487c   Section        0  timxpwm.o(.text.SetTIM1Channel3HighLeaveTime_us)
    [Anonymous Symbol]                       0x08004894   Section        0  timxpwm.o(.text.SetTIM1Channel4HighLeaveTime_us)
    __arm_cp.5_0                             0x080048ac   Number         4  timxpwm.o(.text.SetTIM1Channel4HighLeaveTime_us)
    [Anonymous Symbol]                       0x080048b0   Section        0  svpwm.o(.text.SvpwmContorol)
    __arm_cp.3_0                             0x08004944   Number         4  svpwm.o(.text.SvpwmContorol)
    __arm_cp.3_1                             0x08004948   Number         4  svpwm.o(.text.SvpwmContorol)
    __arm_cp.3_2                             0x0800494c   Number         4  svpwm.o(.text.SvpwmContorol)
    [Anonymous Symbol]                       0x08004950   Section        0  svpwm.o(.text.SvpwmGenerate)
    __arm_cp.2_0                             0x08004aa4   Number         4  svpwm.o(.text.SvpwmGenerate)
    [Anonymous Symbol]                       0x08004aa8   Section        0  stm32g0xx_it.o(.text.SysTick_Handler)
    [Anonymous Symbol]                       0x08004ab0   Section        0  main.o(.text.SystemClock_Config)
    __arm_cp.1_0                             0x08004b5c   Number         4  main.o(.text.SystemClock_Config)
    __arm_cp.1_1                             0x08004b60   Number         4  main.o(.text.SystemClock_Config)
    [Anonymous Symbol]                       0x08004b64   Section        0  system_stm32g0xx.o(.text.SystemInit)
    [Anonymous Symbol]                       0x08004b68   Section        0  stm32g0xx_it.o(.text.TIM1_CC_IRQHandler)
    __arm_cp.9_0                             0x08004b7c   Number         4  stm32g0xx_it.o(.text.TIM1_CC_IRQHandler)
    __arm_cp.9_1                             0x08004b80   Number         4  stm32g0xx_it.o(.text.TIM1_CC_IRQHandler)
    __arm_cp.9_2                             0x08004b84   Number         4  stm32g0xx_it.o(.text.TIM1_CC_IRQHandler)
    [Anonymous Symbol]                       0x08004b88   Section        0  stm32g0xx_it.o(.text.TIM2_IRQHandler)
    __arm_cp.10_0                            0x08004b94   Number         4  stm32g0xx_it.o(.text.TIM2_IRQHandler)
    [Anonymous Symbol]                       0x08004b98   Section        0  stm32g0xx_hal_tim.o(.text.TIM_Base_SetConfig)
    __arm_cp.2_2                             0x08004c3c   Number         4  stm32g0xx_hal_tim.o(.text.TIM_Base_SetConfig)
    __arm_cp.2_5                             0x08004c40   Number         4  stm32g0xx_hal_tim.o(.text.TIM_Base_SetConfig)
    [Anonymous Symbol]                       0x08004c44   Section        0  stm32g0xx_hal_tim.o(.text.TIM_CCxChannelCmd)
    [Anonymous Symbol]                       0x08004c60   Section        0  stm32g0xx_hal_tim.o(.text.TIM_OC2_SetConfig)
    __arm_cp.74_1                            0x08004cd8   Number         4  stm32g0xx_hal_tim.o(.text.TIM_OC2_SetConfig)
    __arm_cp.74_2                            0x08004cdc   Number         4  stm32g0xx_hal_tim.o(.text.TIM_OC2_SetConfig)
    __arm_cp.74_3                            0x08004ce0   Number         4  stm32g0xx_hal_tim.o(.text.TIM_OC2_SetConfig)
    [Anonymous Symbol]                       0x08004ce4   Section        0  stm32g0xx_hal_tim.o(.text.TIM_TI1_SetConfig)
    __arm_cp.76_0                            0x08004d28   Number         4  stm32g0xx_hal_tim.o(.text.TIM_TI1_SetConfig)
    __arm_cp.76_1                            0x08004d2c   Number         4  stm32g0xx_hal_tim.o(.text.TIM_TI1_SetConfig)
    [Anonymous Symbol]                       0x08004d30   Section        0  timxpwm.o(.text.TIMx_PWM_Init)
    [Anonymous Symbol]                       0x08004d8c   Section        0  timxpwm.o(.text.TimerxChannel4ITEnable)
    __arm_cp.4_0                             0x08004e24   Number         4  timxpwm.o(.text.TimerxChannel4ITEnable)
    [Anonymous Symbol]                       0x08004e28   Section        0  stm32g0xx_hal_uart.o(.text.UART_AdvFeatureConfig)
    [Anonymous Symbol]                       0x08004efc   Section        0  stm32g0xx_hal_uart.o(.text.UART_CheckIdleState)
    __arm_cp.4_0                             0x08004fbc   Number         4  stm32g0xx_hal_uart.o(.text.UART_CheckIdleState)
    UART_DMAAbortOnError                     0x08004fc1   Thumb Code    22  stm32g0xx_hal_uart.o(.text.UART_DMAAbortOnError)
    [Anonymous Symbol]                       0x08004fc0   Section        0  stm32g0xx_hal_uart.o(.text.UART_DMAAbortOnError)
    UART_DMAError                            0x08004fd9   Thumb Code   212  stm32g0xx_hal_uart.o(.text.UART_DMAError)
    [Anonymous Symbol]                       0x08004fd8   Section        0  stm32g0xx_hal_uart.o(.text.UART_DMAError)
    __arm_cp.23_0                            0x080050ac   Number         4  stm32g0xx_hal_uart.o(.text.UART_DMAError)
    UART_DMATransmitCplt                     0x080050b1   Thumb Code    74  stm32g0xx_hal_uart.o(.text.UART_DMATransmitCplt)
    [Anonymous Symbol]                       0x080050b0   Section        0  stm32g0xx_hal_uart.o(.text.UART_DMATransmitCplt)
    UART_DMATxHalfCplt                       0x080050fb   Thumb Code    10  stm32g0xx_hal_uart.o(.text.UART_DMATxHalfCplt)
    [Anonymous Symbol]                       0x080050fa   Section        0  stm32g0xx_hal_uart.o(.text.UART_DMATxHalfCplt)
    [Anonymous Symbol]                       0x08005104   Section        0  stm32g0xx_hal_uart.o(.text.UART_SetConfig)
    __arm_cp.3_0                             0x080052d4   Number         4  stm32g0xx_hal_uart.o(.text.UART_SetConfig)
    __arm_cp.3_1                             0x080052d8   Number         4  stm32g0xx_hal_uart.o(.text.UART_SetConfig)
    __arm_cp.3_2                             0x080052dc   Number         4  stm32g0xx_hal_uart.o(.text.UART_SetConfig)
    __arm_cp.3_3                             0x080052e0   Number         4  stm32g0xx_hal_uart.o(.text.UART_SetConfig)
    __arm_cp.3_4                             0x080052e4   Number         4  stm32g0xx_hal_uart.o(.text.UART_SetConfig)
    __arm_cp.3_5                             0x080052e8   Number         4  stm32g0xx_hal_uart.o(.text.UART_SetConfig)
    __arm_cp.3_6                             0x080052ec   Number         4  stm32g0xx_hal_uart.o(.text.UART_SetConfig)
    __arm_cp.3_7                             0x080052f0   Number         4  stm32g0xx_hal_uart.o(.text.UART_SetConfig)
    __arm_cp.3_8                             0x080052f4   Number         4  stm32g0xx_hal_uart.o(.text.UART_SetConfig)
    __arm_cp.3_9                             0x080052f8   Number         4  stm32g0xx_hal_uart.o(.text.UART_SetConfig)
    __arm_cp.3_10                            0x080052fc   Number         4  stm32g0xx_hal_uart.o(.text.UART_SetConfig)
    __arm_cp.3_11                            0x08005300   Number         4  stm32g0xx_hal_uart.o(.text.UART_SetConfig)
    __arm_cp.3_12                            0x08005304   Number         4  stm32g0xx_hal_uart.o(.text.UART_SetConfig)
    [Anonymous Symbol]                       0x08005308   Section        0  stm32g0xx_hal_uart.o(.text.UART_WaitOnFlagUntilTimeout)
    __arm_cp.11_0                            0x080054c8   Number         4  stm32g0xx_hal_uart.o(.text.UART_WaitOnFlagUntilTimeout)
    [Anonymous Symbol]                       0x080054cc   Section        0  stm32g0xx_it.o(.text.USART2_IRQHandler)
    __arm_cp.11_0                            0x080054d8   Number         4  stm32g0xx_it.o(.text.USART2_IRQHandler)
    [Anonymous Symbol]                       0x080054dc   Section        0  sincos.o(.text.cos_table)
    [Anonymous Symbol]                       0x080054f8   Section        0  main.o(.text.main)
    __arm_cp.0_0                             0x08005544   Number         4  main.o(.text.main)
    __arm_cp.0_1                             0x08005548   Number         4  main.o(.text.main)
    __arm_cp.0_2                             0x0800554c   Number         4  main.o(.text.main)
    [Anonymous Symbol]                       0x08005550   Section        0  sincos.o(.text.sin_table)
    __arm_cp.0_0                             0x08005568   Number         4  sincos.o(.text.sin_table)
    .text_divfast                            0x0800556c   Section      502  aeabi_sdivfast.o(.text_divfast)
    i._fgr                                   0x08005762   Section        0  fcmp.o(i._fgr)
    i._fleq                                  0x08005778   Section        0  fcmp.o(i._fleq)
    i._fls                                   0x08005792   Section        0  fcmp.o(i._fls)
    x$fpl$fadd                               0x080057a8   Section      140  faddsub.o(x$fpl$fadd)
    _fadd1                                   0x080057b5   Thumb Code     0  faddsub.o(x$fpl$fadd)
    x$fpl$fgeqf                              0x08005834   Section       84  fgef.o(x$fpl$fgeqf)
    x$fpl$fleqf                              0x08005888   Section       84  flef.o(x$fpl$fleqf)
    x$fpl$fmul                               0x080058dc   Section      176  fmul.o(x$fpl$fmul)
    x$fpl$fsub                               0x0800598c   Section      208  faddsub.o(x$fpl$fsub)
    _fsub1                                   0x08005999   Thumb Code     0  faddsub.o(x$fpl$fsub)
    fdiv_tab                                 0x08005a5c   Data          64  fdiv.o(.constdata)
    .constdata                               0x08005a5c   Section       64  fdiv.o(.constdata)
    x$fpl$usenofp                            0x08005a5c   Section        0  usenofp.o(x$fpl$usenofp)
    [Anonymous Symbol]                       0x08005a9c   Section        0  svpwm.o(.rodata..Lswitch.table.SvpwmContorol)
    [Anonymous Symbol]                       0x08005b24   Section        0  stm32g0xx_hal_tim.o(.rodata.cst16)
    [Anonymous Symbol]                       0x08005b44   Section        0  stm32g0xx_hal_uart.o(.rodata.cst16)
    [Anonymous Symbol]                       0x20000000   Section        0  stm32g0xx_hal.o(.data..L_MergedGlobals)
    .bss                                     0x20001110   Section       96  libspace.o(.bss)
    [Anonymous Symbol]                       0x20001170   Section        0  foc.o(.bss..L_MergedGlobals.1)
    Heap_Mem                                 0x20001418   Data         512  startup_stm32g031xx.o(HEAP)
    HEAP                                     0x20001418   Section      512  startup_stm32g031xx.o(HEAP)
    Stack_Mem                                0x20001618   Data        1024  startup_stm32g031xx.o(STACK)
    STACK                                    0x20001618   Section     1024  startup_stm32g031xx.o(STACK)
    __initial_sp                             0x20001a18   Data           0  startup_stm32g031xx.o(STACK)

    Global Symbols

    Symbol Name                              Value     Ov Type        Size  Object(Section)

    BuildAttributes$$THM_ISAv3M$S$PE$A:L22$X:L11$S22$IEEE1$IW$~IW$USESV6$~STKCKD$USESV7$~SHL$OTIME$ROPI$EBA8$UX$STANDARDLIB$REQ8$PRES8$EABIv2 0x00000000   Number         0  anon$$obj.o ABSOLUTE
    __ARM_exceptions_init                     - Undefined Weak Reference
    __alloca_initialize                       - Undefined Weak Reference
    __arm_preinit_                            - Undefined Weak Reference
    __arm_relocate_pie_                       - Undefined Weak Reference
    __cpp_initialize__aeabi_                  - Undefined Weak Reference
    __cxa_finalize                            - Undefined Weak Reference
    __rt_locale                               - Undefined Weak Reference
    __sigvec_lookup                           - Undefined Weak Reference
    _atexit_init                              - Undefined Weak Reference
    _call_atexit_fns                          - Undefined Weak Reference
    _clock_init                               - Undefined Weak Reference
    _fp_trap_init                             - Undefined Weak Reference
    _fp_trap_shutdown                         - Undefined Weak Reference
    _get_lc_collate                           - Undefined Weak Reference
    _get_lc_ctype                             - Undefined Weak Reference
    _get_lc_monetary                          - Undefined Weak Reference
    _get_lc_numeric                           - Undefined Weak Reference
    _get_lc_time                              - Undefined Weak Reference
    _getenv_init                              - Undefined Weak Reference
    _handle_redirection                       - Undefined Weak Reference
    _init_alloc                               - Undefined Weak Reference
    _init_user_alloc                          - Undefined Weak Reference
    _initio                                   - Undefined Weak Reference
    _rand_init                                - Undefined Weak Reference
    _signal_finish                            - Undefined Weak Reference
    _signal_init                              - Undefined Weak Reference
    _terminate_alloc                          - Undefined Weak Reference
    _terminate_user_alloc                     - Undefined Weak Reference
    _terminateio                              - Undefined Weak Reference
    __Vectors_Size                           0x000000c0   Number         0  startup_stm32g031xx.o ABSOLUTE
    __Vectors                                0x08000000   Data           4  startup_stm32g031xx.o(RESET)
    __Vectors_End                            0x080000c0   Data           0  startup_stm32g031xx.o(RESET)
    __main                                   0x080000c1   Thumb Code     8  __main.o(!!!main)
    __scatterload                            0x080000c9   Thumb Code     0  __scatter.o(!!!scatter)
    __scatterload_rt2                        0x080000c9   Thumb Code    52  __scatter.o(!!!scatter)
    __scatterload_rt2_thumb_only             0x080000c9   Thumb Code     0  __scatter.o(!!!scatter)
    __scatterload_null                       0x080000d9   Thumb Code     0  __scatter.o(!!!scatter)
    __scatterload_zeroinit                   0x08000105   Thumb Code    28  __scatter_zi.o(!!handler_zi)
    __rt_lib_init                            0x08000121   Thumb Code     0  libinit.o(.ARM.Collect$$libinit$$00000000)
    __rt_lib_init_alloca_1                   0x08000123   Thumb Code     0  libinit2.o(.ARM.Collect$$libinit$$00000030)
    __rt_lib_init_argv_1                     0x08000123   Thumb Code     0  libinit2.o(.ARM.Collect$$libinit$$0000002E)
    __rt_lib_init_atexit_1                   0x08000123   Thumb Code     0  libinit2.o(.ARM.Collect$$libinit$$0000001D)
    __rt_lib_init_clock_1                    0x08000123   Thumb Code     0  libinit2.o(.ARM.Collect$$libinit$$00000023)
    __rt_lib_init_cpp_1                      0x08000123   Thumb Code     0  libinit2.o(.ARM.Collect$$libinit$$00000034)
    __rt_lib_init_exceptions_1               0x08000123   Thumb Code     0  libinit2.o(.ARM.Collect$$libinit$$00000032)
    __rt_lib_init_fp_1                       0x08000123   Thumb Code     0  libinit2.o(.ARM.Collect$$libinit$$00000002)
    __rt_lib_init_fp_trap_1                  0x08000123   Thumb Code     0  libinit2.o(.ARM.Collect$$libinit$$00000021)
    __rt_lib_init_getenv_1                   0x08000123   Thumb Code     0  libinit2.o(.ARM.Collect$$libinit$$00000025)
    __rt_lib_init_heap_1                     0x08000123   Thumb Code     0  libinit2.o(.ARM.Collect$$libinit$$0000000C)
    __rt_lib_init_lc_collate_1               0x08000123   Thumb Code     0  libinit2.o(.ARM.Collect$$libinit$$00000013)
    __rt_lib_init_lc_ctype_1                 0x08000123   Thumb Code     0  libinit2.o(.ARM.Collect$$libinit$$00000015)
    __rt_lib_init_lc_monetary_1              0x08000123   Thumb Code     0  libinit2.o(.ARM.Collect$$libinit$$00000017)
    __rt_lib_init_lc_numeric_1               0x08000123   Thumb Code     0  libinit2.o(.ARM.Collect$$libinit$$00000019)
    __rt_lib_init_lc_time_1                  0x08000123   Thumb Code     0  libinit2.o(.ARM.Collect$$libinit$$0000001B)
    __rt_lib_init_preinit_1                  0x08000123   Thumb Code     0  libinit2.o(.ARM.Collect$$libinit$$00000006)
    __rt_lib_init_rand_1                     0x08000123   Thumb Code     0  libinit2.o(.ARM.Collect$$libinit$$00000010)
    __rt_lib_init_relocate_pie_1             0x08000123   Thumb Code     0  libinit2.o(.ARM.Collect$$libinit$$00000004)
    __rt_lib_init_return                     0x08000123   Thumb Code     0  libinit2.o(.ARM.Collect$$libinit$$00000035)
    __rt_lib_init_signal_1                   0x08000123   Thumb Code     0  libinit2.o(.ARM.Collect$$libinit$$0000001F)
    __rt_lib_init_stdio_1                    0x08000123   Thumb Code     0  libinit2.o(.ARM.Collect$$libinit$$00000027)
    __rt_lib_init_user_alloc_1               0x08000123   Thumb Code     0  libinit2.o(.ARM.Collect$$libinit$$0000000E)
    __rt_lib_shutdown                        0x08000125   Thumb Code     0  libshutdown.o(.ARM.Collect$$libshutdown$$00000000)
    __rt_lib_shutdown_cpp_1                  0x08000127   Thumb Code     0  libshutdown2.o(.ARM.Collect$$libshutdown$$00000002)
    __rt_lib_shutdown_fp_trap_1              0x08000127   Thumb Code     0  libshutdown2.o(.ARM.Collect$$libshutdown$$00000007)
    __rt_lib_shutdown_heap_1                 0x08000127   Thumb Code     0  libshutdown2.o(.ARM.Collect$$libshutdown$$0000000F)
    __rt_lib_shutdown_return                 0x08000127   Thumb Code     0  libshutdown2.o(.ARM.Collect$$libshutdown$$00000010)
    __rt_lib_shutdown_signal_1               0x08000127   Thumb Code     0  libshutdown2.o(.ARM.Collect$$libshutdown$$0000000A)
    __rt_lib_shutdown_stdio_1                0x08000127   Thumb Code     0  libshutdown2.o(.ARM.Collect$$libshutdown$$00000004)
    __rt_lib_shutdown_user_alloc_1           0x08000127   Thumb Code     0  libshutdown2.o(.ARM.Collect$$libshutdown$$0000000C)
    __rt_entry                               0x08000129   Thumb Code     0  __rtentry.o(.ARM.Collect$$rtentry$$00000000)
    __rt_entry_presh_1                       0x08000129   Thumb Code     0  __rtentry2.o(.ARM.Collect$$rtentry$$00000002)
    __rt_entry_sh                            0x08000129   Thumb Code     0  __rtentry4.o(.ARM.Collect$$rtentry$$00000004)
    __rt_entry_li                            0x0800012f   Thumb Code     0  __rtentry2.o(.ARM.Collect$$rtentry$$0000000A)
    __rt_entry_postsh_1                      0x0800012f   Thumb Code     0  __rtentry2.o(.ARM.Collect$$rtentry$$00000009)
    __rt_entry_main                          0x08000133   Thumb Code     0  __rtentry2.o(.ARM.Collect$$rtentry$$0000000D)
    __rt_entry_postli_1                      0x08000133   Thumb Code     0  __rtentry2.o(.ARM.Collect$$rtentry$$0000000C)
    __rt_exit                                0x0800013b   Thumb Code     0  rtexit.o(.ARM.Collect$$rtexit$$00000000)
    __rt_exit_ls                             0x0800013d   Thumb Code     0  rtexit2.o(.ARM.Collect$$rtexit$$00000003)
    __rt_exit_prels_1                        0x0800013d   Thumb Code     0  rtexit2.o(.ARM.Collect$$rtexit$$00000002)
    __rt_exit_exit                           0x08000141   Thumb Code     0  rtexit2.o(.ARM.Collect$$rtexit$$00000004)
    Reset_Handler                            0x08000149   Thumb Code     8  startup_stm32g031xx.o(.text)
    DMA1_Ch4_5_DMAMUX1_OVR_IRQHandler        0x0800015b   Thumb Code     0  startup_stm32g031xx.o(.text)
    EXTI0_1_IRQHandler                       0x0800015b   Thumb Code     0  startup_stm32g031xx.o(.text)
    EXTI2_3_IRQHandler                       0x0800015b   Thumb Code     0  startup_stm32g031xx.o(.text)
    FLASH_IRQHandler                         0x0800015b   Thumb Code     0  startup_stm32g031xx.o(.text)
    I2C1_IRQHandler                          0x0800015b   Thumb Code     0  startup_stm32g031xx.o(.text)
    I2C2_IRQHandler                          0x0800015b   Thumb Code     0  startup_stm32g031xx.o(.text)
    LPTIM1_IRQHandler                        0x0800015b   Thumb Code     0  startup_stm32g031xx.o(.text)
    LPTIM2_IRQHandler                        0x0800015b   Thumb Code     0  startup_stm32g031xx.o(.text)
    LPUART1_IRQHandler                       0x0800015b   Thumb Code     0  startup_stm32g031xx.o(.text)
    PVD_IRQHandler                           0x0800015b   Thumb Code     0  startup_stm32g031xx.o(.text)
    RCC_IRQHandler                           0x0800015b   Thumb Code     0  startup_stm32g031xx.o(.text)
    RTC_TAMP_IRQHandler                      0x0800015b   Thumb Code     0  startup_stm32g031xx.o(.text)
    SPI1_IRQHandler                          0x0800015b   Thumb Code     0  startup_stm32g031xx.o(.text)
    SPI2_IRQHandler                          0x0800015b   Thumb Code     0  startup_stm32g031xx.o(.text)
    TIM14_IRQHandler                         0x0800015b   Thumb Code     0  startup_stm32g031xx.o(.text)
    TIM16_IRQHandler                         0x0800015b   Thumb Code     0  startup_stm32g031xx.o(.text)
    TIM17_IRQHandler                         0x0800015b   Thumb Code     0  startup_stm32g031xx.o(.text)
    TIM1_BRK_UP_TRG_COM_IRQHandler           0x0800015b   Thumb Code     0  startup_stm32g031xx.o(.text)
    TIM3_IRQHandler                          0x0800015b   Thumb Code     0  startup_stm32g031xx.o(.text)
    USART1_IRQHandler                        0x0800015b   Thumb Code     0  startup_stm32g031xx.o(.text)
    WWDG_IRQHandler                          0x0800015b   Thumb Code     0  startup_stm32g031xx.o(.text)
    __user_initial_stackheap                 0x0800015d   Thumb Code     0  startup_stm32g031xx.o(.text)
    __aeabi_uldivmod                         0x08000181   Thumb Code   272  lludiv.o(.text)
    _ll_udiv                                 0x08000181   Thumb Code     0  lludiv.o(.text)
    _memset_w                                0x08000291   Thumb Code    26  rt_memclr.o(.text)
    _memset                                  0x080002ab   Thumb Code    30  rt_memclr.o(.text)
    __aeabi_memclr                           0x080002c9   Thumb Code     4  rt_memclr.o(.text)
    __rt_memclr                              0x080002c9   Thumb Code     0  rt_memclr.o(.text)
    __aeabi_memclr4                          0x080002cd   Thumb Code     0  rt_memclr.o(.text)
    __aeabi_memclr8                          0x080002cd   Thumb Code     0  rt_memclr.o(.text)
    __rt_memclr_w                            0x080002cd   Thumb Code     4  rt_memclr.o(.text)
    __use_two_region_memory                  0x080002d1   Thumb Code     2  heapauxi.o(.text)
    __rt_heap_escrow$2region                 0x080002d3   Thumb Code     2  heapauxi.o(.text)
    __rt_heap_expand$2region                 0x080002d5   Thumb Code     2  heapauxi.o(.text)
    __aeabi_fdiv                             0x080002d9   Thumb Code     0  fdiv.o(.text)
    _fdiv                                    0x080002d9   Thumb Code   334  fdiv.o(.text)
    _frdiv                                   0x08000427   Thumb Code     8  fdiv.o(.text)
    __aeabi_f2iz                             0x08000439   Thumb Code     0  ffixi.o(.text)
    _ffix                                    0x08000439   Thumb Code    76  ffixi.o(.text)
    __aeabi_i2f_normalise                    0x08000485   Thumb Code    72  fflti.o(.text)
    __aeabi_i2f                              0x080004cd   Thumb Code    16  fflti.o(.text)
    _fflt                                    0x080004cd   Thumb Code     0  fflti.o(.text)
    __aeabi_ui2f                             0x080004dd   Thumb Code     6  fflti.o(.text)
    _ffltu                                   0x080004dd   Thumb Code     0  fflti.o(.text)
    __fpl_fcmp_InfNaN                        0x080004e5   Thumb Code    96  fcmpin.o(.text)
    __user_setup_stackheap                   0x08000549   Thumb Code    62  sys_stackheap_outer.o(.text)
    exit                                     0x08000587   Thumb Code    16  exit.o(.text)
    __fpl_cmpreturn                          0x08000597   Thumb Code    46  cmpret.o(.text)
    __fpl_fcheck_NaN2                        0x080005c5   Thumb Code    10  fnan2.o(.text)
    __user_libspace                          0x080005d5   Thumb Code     8  libspace.o(.text)
    __user_perproc_libspace                  0x080005d5   Thumb Code     0  libspace.o(.text)
    __user_perthread_libspace                0x080005d5   Thumb Code     0  libspace.o(.text)
    __fpl_return_NaN                         0x080005dd   Thumb Code    94  retnan.o(.text)
    _sys_exit                                0x0800063d   Thumb Code     8  sys_exit.o(.text)
    __I$use$semihosting                      0x08000649   Thumb Code     0  use_no_semi.o(.text)
    __use_no_semihosting_swi                 0x08000649   Thumb Code     2  use_no_semi.o(.text)
    __decompress                             0x0800064b   Thumb Code     0  __dclz77c.o(.text)
    __decompress2                            0x0800064b   Thumb Code    96  __dclz77c.o(.text)
    __semihosting_library_function           0x0800064b   Thumb Code     0  indicate_semi.o(.text)
    ADC1_IRQHandler                          0x080006ad   Thumb Code    12  stm32g0xx_it.o(.text.ADC1_IRQHandler)
    ADC_Disable                              0x08000759   Thumb Code   100  stm32g0xx_hal_adc.o(.text.ADC_Disable)
    ADC_Enable                               0x080007bd   Thumb Code   200  stm32g0xx_hal_adc.o(.text.ADC_Enable)
    CalculateAdcOffset                       0x08000895   Thumb Code    60  foc.o(.text.CalculateAdcOffset)
    DMA1_Channel1_IRQHandler                 0x080008e1   Thumb Code    36  stm32g0xx_it.o(.text.DMA1_Channel1_IRQHandler)
    DMA1_Channel2_3_IRQHandler               0x08000915   Thumb Code    12  stm32g0xx_it.o(.text.DMA1_Channel2_3_IRQHandler)
    EXTI4_15_IRQHandler                      0x08000925   Thumb Code    12  stm32g0xx_it.o(.text.EXTI4_15_IRQHandler)
    Error_Handler                            0x08000931   Thumb Code    36  main.o(.text.Error_Handler)
    FocContorl                               0x0800095d   Thumb Code   544  foc.o(.text.FocContorl)
    GetSVPWMSector                           0x08000c15   Thumb Code     8  svpwm.o(.text.GetSVPWMSector)
    GetVectorDuration                        0x08000c21   Thumb Code   312  svpwm.o(.text.GetVectorDuration)
    HAL_ADCEx_Calibration_Start              0x08000d61   Thumb Code  1168  stm32g0xx_hal_adc_ex.o(.text.HAL_ADCEx_Calibration_Start)
    HAL_ADCEx_ChannelConfigReadyCallback     0x080011f5   Thumb Code     2  stm32g0xx_hal_adc_ex.o(.text.HAL_ADCEx_ChannelConfigReadyCallback)
    HAL_ADCEx_EndOfSamplingCallback          0x080011f7   Thumb Code     2  stm32g0xx_hal_adc_ex.o(.text.HAL_ADCEx_EndOfSamplingCallback)
    HAL_ADCEx_LevelOutOfWindow2Callback      0x080011f9   Thumb Code     2  stm32g0xx_hal_adc_ex.o(.text.HAL_ADCEx_LevelOutOfWindow2Callback)
    HAL_ADCEx_LevelOutOfWindow3Callback      0x080011fb   Thumb Code     2  stm32g0xx_hal_adc_ex.o(.text.HAL_ADCEx_LevelOutOfWindow3Callback)
    HAL_ADC_ConfigChannel                    0x080011fd   Thumb Code   668  stm32g0xx_hal_adc.o(.text.HAL_ADC_ConfigChannel)
    HAL_ADC_ConvCpltCallback                 0x080014bd   Thumb Code    96  main.o(.text.HAL_ADC_ConvCpltCallback)
    HAL_ADC_ConvHalfCpltCallback             0x08001529   Thumb Code     2  stm32g0xx_hal_adc.o(.text.HAL_ADC_ConvHalfCpltCallback)
    HAL_ADC_ErrorCallback                    0x0800152b   Thumb Code     2  stm32g0xx_hal_adc.o(.text.HAL_ADC_ErrorCallback)
    HAL_ADC_IRQHandler                       0x0800152d   Thumb Code   448  stm32g0xx_hal_adc.o(.text.HAL_ADC_IRQHandler)
    HAL_ADC_Init                             0x080016ed   Thumb Code   564  stm32g0xx_hal_adc.o(.text.HAL_ADC_Init)
    HAL_ADC_LevelOutOfWindowCallback         0x08001939   Thumb Code     2  stm32g0xx_hal_adc.o(.text.HAL_ADC_LevelOutOfWindowCallback)
    HAL_ADC_MspInit                          0x0800193d   Thumb Code   188  adc.o(.text.HAL_ADC_MspInit)
    HAL_ADC_Start_DMA                        0x08001a09   Thumb Code   152  stm32g0xx_hal_adc.o(.text.HAL_ADC_Start_DMA)
    HAL_CRCEx_Polynomial_Set                 0x08001ab5   Thumb Code    80  stm32g0xx_hal_crc_ex.o(.text.HAL_CRCEx_Polynomial_Set)
    HAL_CRC_Init                             0x08001b11   Thumb Code   120  stm32g0xx_hal_crc.o(.text.HAL_CRC_Init)
    HAL_CRC_MspInit                          0x08001b8d   Thumb Code    40  crc.o(.text.HAL_CRC_MspInit)
    HAL_DMA_Abort                            0x08001bbd   Thumb Code   112  stm32g0xx_hal_dma.o(.text.HAL_DMA_Abort)
    HAL_DMA_Abort_IT                         0x08001c2d   Thumb Code   108  stm32g0xx_hal_dma.o(.text.HAL_DMA_Abort_IT)
    HAL_DMA_IRQHandler                       0x08001c9d   Thumb Code   224  stm32g0xx_hal_dma.o(.text.HAL_DMA_IRQHandler)
    HAL_DMA_Init                             0x08001d7d   Thumb Code   236  stm32g0xx_hal_dma.o(.text.HAL_DMA_Init)
    HAL_DMA_Start_IT                         0x08001e7d   Thumb Code   200  stm32g0xx_hal_dma.o(.text.HAL_DMA_Start_IT)
    HAL_Delay                                0x08001f49   Thumb Code    32  stm32g0xx_hal.o(.text.HAL_Delay)
    HAL_GPIO_EXTI_Falling_Callback           0x08001f69   Thumb Code    32  main.o(.text.HAL_GPIO_EXTI_Falling_Callback)
    HAL_GPIO_EXTI_IRQHandler                 0x08001f91   Thumb Code    36  stm32g0xx_hal_gpio.o(.text.HAL_GPIO_EXTI_IRQHandler)
    HAL_GPIO_EXTI_Rising_Callback            0x08001fb9   Thumb Code     2  stm32g0xx_hal_gpio.o(.text.HAL_GPIO_EXTI_Rising_Callback)
    HAL_GPIO_Init                            0x08001fbd   Thumb Code   400  stm32g0xx_hal_gpio.o(.text.HAL_GPIO_Init)
    HAL_GPIO_ReadPin                         0x08002161   Thumb Code    10  stm32g0xx_hal_gpio.o(.text.HAL_GPIO_ReadPin)
    HAL_GPIO_TogglePin                       0x0800216b   Thumb Code    16  stm32g0xx_hal_gpio.o(.text.HAL_GPIO_TogglePin)
    HAL_GPIO_WritePin                        0x0800217b   Thumb Code    16  stm32g0xx_hal_gpio.o(.text.HAL_GPIO_WritePin)
    HAL_GetTick                              0x0800218d   Thumb Code     8  stm32g0xx_hal.o(.text.HAL_GetTick)
    HAL_IncTick                              0x08002195   Thumb Code    16  stm32g0xx_hal.o(.text.HAL_IncTick)
    HAL_Init                                 0x080021a9   Thumb Code    40  stm32g0xx_hal.o(.text.HAL_Init)
    HAL_InitTick                             0x080021d5   Thumb Code    64  stm32g0xx_hal.o(.text.HAL_InitTick)
    HAL_MspInit                              0x08002219   Thumb Code    56  stm32g0xx_hal_msp.o(.text.HAL_MspInit)
    HAL_NVIC_EnableIRQ                       0x08002255   Thumb Code    20  stm32g0xx_hal_cortex.o(.text.HAL_NVIC_EnableIRQ)
    HAL_NVIC_SetPriority                     0x0800226d   Thumb Code    48  stm32g0xx_hal_cortex.o(.text.HAL_NVIC_SetPriority)
    HAL_PWREx_ControlVoltageScaling          0x080022a5   Thumb Code   116  stm32g0xx_hal_pwr_ex.o(.text.HAL_PWREx_ControlVoltageScaling)
    HAL_RCCEx_PeriphCLKConfig                0x08002325   Thumb Code   436  stm32g0xx_hal_rcc_ex.o(.text.HAL_RCCEx_PeriphCLKConfig)
    HAL_RCC_ClockConfig                      0x080024e9   Thumb Code   488  stm32g0xx_hal_rcc.o(.text.HAL_RCC_ClockConfig)
    HAL_RCC_GetPCLK1Freq                     0x080026e1   Thumb Code    28  stm32g0xx_hal_rcc.o(.text.HAL_RCC_GetPCLK1Freq)
    HAL_RCC_GetSysClockFreq                  0x08002705   Thumb Code   124  stm32g0xx_hal_rcc.o(.text.HAL_RCC_GetSysClockFreq)
    HAL_RCC_OscConfig                        0x0800278d   Thumb Code  1084  stm32g0xx_hal_rcc.o(.text.HAL_RCC_OscConfig)
    HAL_SYSCFG_EnableRemap                   0x08002be5   Thumb Code    12  stm32g0xx_hal.o(.text.HAL_SYSCFG_EnableRemap)
    HAL_SYSTICK_Config                       0x08002bf5   Thumb Code    40  stm32g0xx_hal_cortex.o(.text.HAL_SYSTICK_Config)
    HAL_TIMEx_Break2Callback                 0x08002c29   Thumb Code     2  stm32g0xx_hal_tim_ex.o(.text.HAL_TIMEx_Break2Callback)
    HAL_TIMEx_BreakCallback                  0x08002c2b   Thumb Code     2  stm32g0xx_hal_tim_ex.o(.text.HAL_TIMEx_BreakCallback)
    HAL_TIMEx_CommutCallback                 0x08002c2d   Thumb Code     2  stm32g0xx_hal_tim_ex.o(.text.HAL_TIMEx_CommutCallback)
    HAL_TIMEx_ConfigBreakDeadTime            0x08002c31   Thumb Code   156  stm32g0xx_hal_tim_ex.o(.text.HAL_TIMEx_ConfigBreakDeadTime)
    HAL_TIMEx_HallSensor_Init                0x08002ced   Thumb Code   204  stm32g0xx_hal_tim_ex.o(.text.HAL_TIMEx_HallSensor_Init)
    HAL_TIMEx_HallSensor_MspInit             0x08002dc1   Thumb Code     2  stm32g0xx_hal_tim_ex.o(.text.HAL_TIMEx_HallSensor_MspInit)
    HAL_TIMEx_HallSensor_Start_IT            0x08002dc5   Thumb Code   124  stm32g0xx_hal_tim_ex.o(.text.HAL_TIMEx_HallSensor_Start_IT)
    HAL_TIMEx_MasterConfigSynchronization    0x08002e41   Thumb Code    96  stm32g0xx_hal_tim_ex.o(.text.HAL_TIMEx_MasterConfigSynchronization)
    HAL_TIMEx_PWMN_Start                     0x08002ea1   Thumb Code   160  stm32g0xx_hal_tim_ex.o(.text.HAL_TIMEx_PWMN_Start)
    HAL_TIMEx_PWMN_Stop                      0x08002f49   Thumb Code   124  stm32g0xx_hal_tim_ex.o(.text.HAL_TIMEx_PWMN_Stop)
    HAL_TIM_Base_Init                        0x08002fc5   Thumb Code   220  stm32g0xx_hal_tim.o(.text.HAL_TIM_Base_Init)
    HAL_TIM_Base_MspInit                     0x080030b5   Thumb Code   228  tim.o(.text.HAL_TIM_Base_MspInit)
    HAL_TIM_Base_Start_IT                    0x080031a1   Thumb Code    80  stm32g0xx_hal_tim.o(.text.HAL_TIM_Base_Start_IT)
    HAL_TIM_Base_Stop_IT                     0x080031fd   Thumb Code    52  stm32g0xx_hal_tim.o(.text.HAL_TIM_Base_Stop_IT)
    HAL_TIM_ConfigClockSource                0x08003239   Thumb Code   340  stm32g0xx_hal_tim.o(.text.HAL_TIM_ConfigClockSource)
    HAL_TIM_IC_CaptureCallback               0x08003395   Thumb Code    96  main.o(.text.HAL_TIM_IC_CaptureCallback)
    HAL_TIM_IRQHandler                       0x08003405   Thumb Code   468  stm32g0xx_hal_tim.o(.text.HAL_TIM_IRQHandler)
    HAL_TIM_OC_DelayElapsedCallback          0x080035e1   Thumb Code     2  stm32g0xx_hal_tim.o(.text.HAL_TIM_OC_DelayElapsedCallback)
    HAL_TIM_PWM_ConfigChannel                0x080035e5   Thumb Code   848  stm32g0xx_hal_tim.o(.text.HAL_TIM_PWM_ConfigChannel)
    HAL_TIM_PWM_Init                         0x08003951   Thumb Code   220  stm32g0xx_hal_tim.o(.text.HAL_TIM_PWM_Init)
    HAL_TIM_PWM_MspInit                      0x08003a3d   Thumb Code     2  stm32g0xx_hal_tim.o(.text.HAL_TIM_PWM_MspInit)
    HAL_TIM_PWM_PulseFinishedCallback        0x08003a3f   Thumb Code     2  stm32g0xx_hal_tim.o(.text.HAL_TIM_PWM_PulseFinishedCallback)
    HAL_TIM_PWM_Start                        0x08003a41   Thumb Code   244  stm32g0xx_hal_tim.o(.text.HAL_TIM_PWM_Start)
    HAL_TIM_PWM_Start_IT                     0x08003b41   Thumb Code   268  stm32g0xx_hal_tim.o(.text.HAL_TIM_PWM_Start_IT)
    HAL_TIM_PWM_Stop                         0x08003c5d   Thumb Code   156  stm32g0xx_hal_tim.o(.text.HAL_TIM_PWM_Stop)
    HAL_TIM_PWM_Stop_IT                      0x08003d05   Thumb Code   172  stm32g0xx_hal_tim.o(.text.HAL_TIM_PWM_Stop_IT)
    HAL_TIM_PeriodElapsedCallback            0x08003dc9   Thumb Code     2  stm32g0xx_hal_tim.o(.text.HAL_TIM_PeriodElapsedCallback)
    HAL_TIM_ReadCapturedValue                0x08003dcd   Thumb Code    56  stm32g0xx_hal_tim.o(.text.HAL_TIM_ReadCapturedValue)
    HAL_TIM_TriggerCallback                  0x08003e05   Thumb Code     2  stm32g0xx_hal_tim.o(.text.HAL_TIM_TriggerCallback)
    HAL_UARTEx_RxEventCallback               0x08003e07   Thumb Code     2  stm32g0xx_hal_uart.o(.text.HAL_UARTEx_RxEventCallback)
    HAL_UARTEx_RxFifoFullCallback            0x08003e09   Thumb Code     2  stm32g0xx_hal_uart_ex.o(.text.HAL_UARTEx_RxFifoFullCallback)
    HAL_UARTEx_TxFifoEmptyCallback           0x08003e0b   Thumb Code     2  stm32g0xx_hal_uart_ex.o(.text.HAL_UARTEx_TxFifoEmptyCallback)
    HAL_UARTEx_WakeupCallback                0x08003e0d   Thumb Code     2  stm32g0xx_hal_uart_ex.o(.text.HAL_UARTEx_WakeupCallback)
    HAL_UART_ErrorCallback                   0x08003e0f   Thumb Code     2  stm32g0xx_hal_uart.o(.text.HAL_UART_ErrorCallback)
    HAL_UART_IRQHandler                      0x08003e11   Thumb Code  1128  stm32g0xx_hal_uart.o(.text.HAL_UART_IRQHandler)
    HAL_UART_Init                            0x08004285   Thumb Code   108  stm32g0xx_hal_uart.o(.text.HAL_UART_Init)
    HAL_UART_MspInit                         0x080042f1   Thumb Code   148  usart.o(.text.HAL_UART_MspInit)
    HAL_UART_Transmit_DMA                    0x08004391   Thumb Code   164  stm32g0xx_hal_uart.o(.text.HAL_UART_Transmit_DMA)
    HAL_UART_TxCpltCallback                  0x08004441   Thumb Code     2  stm32g0xx_hal_uart.o(.text.HAL_UART_TxCpltCallback)
    HAL_UART_TxHalfCpltCallback              0x08004443   Thumb Code     2  stm32g0xx_hal_uart.o(.text.HAL_UART_TxHalfCpltCallback)
    HardFault_Handler                        0x08004445   Thumb Code     2  stm32g0xx_it.o(.text.HardFault_Handler)
    MX_ADC1_Init                             0x08004449   Thumb Code   156  adc.o(.text.MX_ADC1_Init)
    MX_CRC_Init                              0x080044f9   Thumb Code    36  crc.o(.text.MX_CRC_Init)
    MX_DMA_Init                              0x08004525   Thumb Code    64  dma.o(.text.MX_DMA_Init)
    MX_GPIO_Init                             0x08004569   Thumb Code   132  gpio.o(.text.MX_GPIO_Init)
    MX_TIM1_Init                             0x080045f5   Thumb Code   384  tim.o(.text.MX_TIM1_Init)
    MX_TIM2_Init                             0x08004785   Thumb Code   128  tim.o(.text.MX_TIM2_Init)
    MX_USART2_UART_Init                      0x08004809   Thumb Code    48  usart.o(.text.MX_USART2_UART_Init)
    NMI_Handler                              0x08004845   Thumb Code     2  stm32g0xx_it.o(.text.NMI_Handler)
    PendSV_Handler                           0x08004847   Thumb Code     2  stm32g0xx_it.o(.text.PendSV_Handler)
    SVC_Handler                              0x08004849   Thumb Code     2  stm32g0xx_it.o(.text.SVC_Handler)
    SetTIM1Channel1HighLeaveTime_us          0x0800484d   Thumb Code    24  timxpwm.o(.text.SetTIM1Channel1HighLeaveTime_us)
    SetTIM1Channel2HighLeaveTime_us          0x08004865   Thumb Code    24  timxpwm.o(.text.SetTIM1Channel2HighLeaveTime_us)
    SetTIM1Channel3HighLeaveTime_us          0x0800487d   Thumb Code    24  timxpwm.o(.text.SetTIM1Channel3HighLeaveTime_us)
    SetTIM1Channel4HighLeaveTime_us          0x08004895   Thumb Code    24  timxpwm.o(.text.SetTIM1Channel4HighLeaveTime_us)
    SvpwmContorol                            0x080048b1   Thumb Code   148  svpwm.o(.text.SvpwmContorol)
    SvpwmGenerate                            0x08004951   Thumb Code   340  svpwm.o(.text.SvpwmGenerate)
    SysTick_Handler                          0x08004aa9   Thumb Code     8  stm32g0xx_it.o(.text.SysTick_Handler)
    SystemClock_Config                       0x08004ab1   Thumb Code   172  main.o(.text.SystemClock_Config)
    SystemInit                               0x08004b65   Thumb Code     2  system_stm32g0xx.o(.text.SystemInit)
    TIM1_CC_IRQHandler                       0x08004b69   Thumb Code    20  stm32g0xx_it.o(.text.TIM1_CC_IRQHandler)
    TIM2_IRQHandler                          0x08004b89   Thumb Code    12  stm32g0xx_it.o(.text.TIM2_IRQHandler)
    TIM_Base_SetConfig                       0x08004b99   Thumb Code   164  stm32g0xx_hal_tim.o(.text.TIM_Base_SetConfig)
    TIM_CCxChannelCmd                        0x08004c45   Thumb Code    26  stm32g0xx_hal_tim.o(.text.TIM_CCxChannelCmd)
    TIM_OC2_SetConfig                        0x08004c61   Thumb Code   120  stm32g0xx_hal_tim.o(.text.TIM_OC2_SetConfig)
    TIM_TI1_SetConfig                        0x08004ce5   Thumb Code    68  stm32g0xx_hal_tim.o(.text.TIM_TI1_SetConfig)
    TIMx_PWM_Init                            0x08004d31   Thumb Code    92  timxpwm.o(.text.TIMx_PWM_Init)
    TimerxChannel4ITEnable                   0x08004d8d   Thumb Code   152  timxpwm.o(.text.TimerxChannel4ITEnable)
    UART_AdvFeatureConfig                    0x08004e29   Thumb Code   210  stm32g0xx_hal_uart.o(.text.UART_AdvFeatureConfig)
    UART_CheckIdleState                      0x08004efd   Thumb Code   192  stm32g0xx_hal_uart.o(.text.UART_CheckIdleState)
    UART_SetConfig                           0x08005105   Thumb Code   464  stm32g0xx_hal_uart.o(.text.UART_SetConfig)
    UART_WaitOnFlagUntilTimeout              0x08005309   Thumb Code   448  stm32g0xx_hal_uart.o(.text.UART_WaitOnFlagUntilTimeout)
    USART2_IRQHandler                        0x080054cd   Thumb Code    12  stm32g0xx_it.o(.text.USART2_IRQHandler)
    cos_table                                0x080054dd   Thumb Code    28  sincos.o(.text.cos_table)
    main                                     0x080054f9   Thumb Code    76  main.o(.text.main)
    sin_table                                0x08005551   Thumb Code    24  sincos.o(.text.sin_table)
    __aeabi_uidiv                            0x0800556d   Thumb Code    68  aeabi_sdivfast.o(.text_divfast)
    __aeabi_idiv                             0x080055b1   Thumb Code   434  aeabi_sdivfast.o(.text_divfast)
    __aeabi_fcmpgt                           0x08005763   Thumb Code     0  fcmp.o(i._fgr)
    _fgr                                     0x08005763   Thumb Code    22  fcmp.o(i._fgr)
    __aeabi_fcmple                           0x08005779   Thumb Code     0  fcmp.o(i._fleq)
    _fleq                                    0x08005779   Thumb Code    26  fcmp.o(i._fleq)
    __aeabi_fcmplt                           0x08005793   Thumb Code     0  fcmp.o(i._fls)
    _fls                                     0x08005793   Thumb Code    22  fcmp.o(i._fls)
    __aeabi_fadd                             0x080057a9   Thumb Code     0  faddsub.o(x$fpl$fadd)
    _fadd                                    0x080057a9   Thumb Code   134  faddsub.o(x$fpl$fadd)
    _fcmpge                                  0x08005835   Thumb Code    78  fgef.o(x$fpl$fgeqf)
    __aeabi_cfcmple                          0x08005889   Thumb Code     0  flef.o(x$fpl$fleqf)
    _fcmple                                  0x08005889   Thumb Code    78  flef.o(x$fpl$fleqf)
    __aeabi_fmul                             0x080058dd   Thumb Code     0  fmul.o(x$fpl$fmul)
    _fmul                                    0x080058dd   Thumb Code   172  fmul.o(x$fpl$fmul)
    __aeabi_fsub                             0x0800598d   Thumb Code     0  faddsub.o(x$fpl$fsub)
    _fsub                                    0x0800598d   Thumb Code   204  faddsub.o(x$fpl$fsub)
    __I$use$fp                               0x08005a5c   Number         0  usenofp.o(x$fpl$usenofp)
    AHBPrescTable                            0x08005aa4   Data          64  system_stm32g0xx.o(.rodata.AHBPrescTable)
    APBPrescTable                            0x08005ae4   Data          32  system_stm32g0xx.o(.rodata.APBPrescTable)
    UARTPrescTable                           0x08005b04   Data          24  stm32g0xx_hal_uart.o(.rodata.UARTPrescTable)
    beat                                     0x08005b1c   Data           8  main.o(.rodata.beat)
    Region$$Table$$Base                      0x08005b54   Number         0  anon$$obj.o(Region$$Table)
    Region$$Table$$Limit                     0x08005b74   Number         0  anon$$obj.o(Region$$Table)
    uwTickFreq                               0x20000000   Data           1  stm32g0xx_hal.o(.data..L_MergedGlobals)
    uwTickPrio                               0x20000004   Data           4  stm32g0xx_hal.o(.data..L_MergedGlobals)
    FOCdata                                  0x20000008   Data          22  foc.o(.data.FOCdata)
    SIN_1024                                 0x20000020   Data        4096  sincos.o(.data.SIN_1024)
    SystemCoreClock                          0x20001020   Data           4  system_stm32g0xx.o(.data.SystemCoreClock)
    gMotor                                   0x20001024   Data          88  svpwm.o(.data.gMotor)
    gMotorFOC                                0x2000107c   Data         148  foc.o(.data.gMotorFOC)
    __libspace_start                         0x20001110   Data          96  libspace.o(.bss)
    __temporary_stack_top$libspace           0x20001170   Data           0  libspace.o(.bss)
    lastAdcData                              0x20001170   Data           6  foc.o(.bss..L_MergedGlobals.1)
    x                                        0x20001178   Data          12  foc.o(.bss..L_MergedGlobals.1)
    y                                        0x20001188   Data          12  foc.o(.bss..L_MergedGlobals.1)
    ADC_offset                               0x20001194   Data          12  foc.o(.bss..L_MergedGlobals.1)
    adc_cnt                                  0x200011a0   Data           1  main.o(.bss.adc_cnt)
    hadc1                                    0x200011a4   Data         100  adc.o(.bss.hadc1)
    hcrc                                     0x20001208   Data          36  crc.o(.bss.hcrc)
    hdma_adc1                                0x2000122c   Data          92  adc.o(.bss.hdma_adc1)
    hdma_usart2_tx                           0x20001288   Data          92  usart.o(.bss.hdma_usart2_tx)
    htim1                                    0x200012e4   Data          76  tim.o(.bss.htim1)
    htim2                                    0x20001330   Data          76  tim.o(.bss.htim2)
    huart2                                   0x2000137c   Data         148  usart.o(.bss.huart2)
    state                                    0x20001410   Data           1  main.o(.bss.state)
    uwTick                                   0x20001414   Data           4  stm32g0xx_hal.o(.bss.uwTick)



==============================================================================

Memory Map of the image

  Image Entry point : 0x080000c1

  Load Region LR_IROM1 (Base: 0x08000000, Size: 0x00006c88, Max: 0x00010000, ABSOLUTE, COMPRESSED[0x000068e8])

    Execution Region ER_IROM1 (Exec base: 0x08000000, Load base: 0x08000000, Size: 0x00005b74, Max: 0x00010000, ABSOLUTE)

    Exec Addr    Load Addr    Size         Type   Attr      Idx    E Section Name        Object

    0x08000000   0x08000000   0x000000c0   Data   RO            3    RESET               startup_stm32g031xx.o
    0x080000c0   0x080000c0   0x00000008   Code   RO         1359  * !!!main             c_p.l(__main.o)
    0x080000c8   0x080000c8   0x0000003c   Code   RO         1584    !!!scatter          c_p.l(__scatter.o)
    0x08000104   0x08000104   0x0000001c   Code   RO         1586    !!handler_zi        c_p.l(__scatter_zi.o)
    0x08000120   0x08000120   0x00000002   Code   RO         1437    .ARM.Collect$$libinit$$00000000  c_p.l(libinit.o)
    0x08000122   0x08000122   0x00000000   Code   RO         1455    .ARM.Collect$$libinit$$00000002  c_p.l(libinit2.o)
    0x08000122   0x08000122   0x00000000   Code   RO         1457    .ARM.Collect$$libinit$$00000004  c_p.l(libinit2.o)
    0x08000122   0x08000122   0x00000000   Code   RO         1459    .ARM.Collect$$libinit$$00000006  c_p.l(libinit2.o)
    0x08000122   0x08000122   0x00000000   Code   RO         1462    .ARM.Collect$$libinit$$0000000C  c_p.l(libinit2.o)
    0x08000122   0x08000122   0x00000000   Code   RO         1464    .ARM.Collect$$libinit$$0000000E  c_p.l(libinit2.o)
    0x08000122   0x08000122   0x00000000   Code   RO         1466    .ARM.Collect$$libinit$$00000010  c_p.l(libinit2.o)
    0x08000122   0x08000122   0x00000000   Code   RO         1469    .ARM.Collect$$libinit$$00000013  c_p.l(libinit2.o)
    0x08000122   0x08000122   0x00000000   Code   RO         1471    .ARM.Collect$$libinit$$00000015  c_p.l(libinit2.o)
    0x08000122   0x08000122   0x00000000   Code   RO         1473    .ARM.Collect$$libinit$$00000017  c_p.l(libinit2.o)
    0x08000122   0x08000122   0x00000000   Code   RO         1475    .ARM.Collect$$libinit$$00000019  c_p.l(libinit2.o)
    0x08000122   0x08000122   0x00000000   Code   RO         1477    .ARM.Collect$$libinit$$0000001B  c_p.l(libinit2.o)
    0x08000122   0x08000122   0x00000000   Code   RO         1479    .ARM.Collect$$libinit$$0000001D  c_p.l(libinit2.o)
    0x08000122   0x08000122   0x00000000   Code   RO         1481    .ARM.Collect$$libinit$$0000001F  c_p.l(libinit2.o)
    0x08000122   0x08000122   0x00000000   Code   RO         1483    .ARM.Collect$$libinit$$00000021  c_p.l(libinit2.o)
    0x08000122   0x08000122   0x00000000   Code   RO         1485    .ARM.Collect$$libinit$$00000023  c_p.l(libinit2.o)
    0x08000122   0x08000122   0x00000000   Code   RO         1487    .ARM.Collect$$libinit$$00000025  c_p.l(libinit2.o)
    0x08000122   0x08000122   0x00000000   Code   RO         1489    .ARM.Collect$$libinit$$00000027  c_p.l(libinit2.o)
    0x08000122   0x08000122   0x00000000   Code   RO         1493    .ARM.Collect$$libinit$$0000002E  c_p.l(libinit2.o)
    0x08000122   0x08000122   0x00000000   Code   RO         1495    .ARM.Collect$$libinit$$00000030  c_p.l(libinit2.o)
    0x08000122   0x08000122   0x00000000   Code   RO         1497    .ARM.Collect$$libinit$$00000032  c_p.l(libinit2.o)
    0x08000122   0x08000122   0x00000000   Code   RO         1499    .ARM.Collect$$libinit$$00000034  c_p.l(libinit2.o)
    0x08000122   0x08000122   0x00000002   Code   RO         1500    .ARM.Collect$$libinit$$00000035  c_p.l(libinit2.o)
    0x08000124   0x08000124   0x00000002   Code   RO         1537    .ARM.Collect$$libshutdown$$00000000  c_p.l(libshutdown.o)
    0x08000126   0x08000126   0x00000000   Code   RO         1565    .ARM.Collect$$libshutdown$$00000002  c_p.l(libshutdown2.o)
    0x08000126   0x08000126   0x00000000   Code   RO         1567    .ARM.Collect$$libshutdown$$00000004  c_p.l(libshutdown2.o)
    0x08000126   0x08000126   0x00000000   Code   RO         1570    .ARM.Collect$$libshutdown$$00000007  c_p.l(libshutdown2.o)
    0x08000126   0x08000126   0x00000000   Code   RO         1573    .ARM.Collect$$libshutdown$$0000000A  c_p.l(libshutdown2.o)
    0x08000126   0x08000126   0x00000000   Code   RO         1575    .ARM.Collect$$libshutdown$$0000000C  c_p.l(libshutdown2.o)
    0x08000126   0x08000126   0x00000000   Code   RO         1578    .ARM.Collect$$libshutdown$$0000000F  c_p.l(libshutdown2.o)
    0x08000126   0x08000126   0x00000002   Code   RO         1579    .ARM.Collect$$libshutdown$$00000010  c_p.l(libshutdown2.o)
    0x08000128   0x08000128   0x00000000   Code   RO         1388    .ARM.Collect$$rtentry$$00000000  c_p.l(__rtentry.o)
    0x08000128   0x08000128   0x00000000   Code   RO         1405    .ARM.Collect$$rtentry$$00000002  c_p.l(__rtentry2.o)
    0x08000128   0x08000128   0x00000006   Code   RO         1417    .ARM.Collect$$rtentry$$00000004  c_p.l(__rtentry4.o)
    0x0800012e   0x0800012e   0x00000000   Code   RO         1407    .ARM.Collect$$rtentry$$00000009  c_p.l(__rtentry2.o)
    0x0800012e   0x0800012e   0x00000004   Code   RO         1408    .ARM.Collect$$rtentry$$0000000A  c_p.l(__rtentry2.o)
    0x08000132   0x08000132   0x00000000   Code   RO         1410    .ARM.Collect$$rtentry$$0000000C  c_p.l(__rtentry2.o)
    0x08000132   0x08000132   0x00000008   Code   RO         1411    .ARM.Collect$$rtentry$$0000000D  c_p.l(__rtentry2.o)
    0x0800013a   0x0800013a   0x00000002   Code   RO         1446    .ARM.Collect$$rtexit$$00000000  c_p.l(rtexit.o)
    0x0800013c   0x0800013c   0x00000000   Code   RO         1508    .ARM.Collect$$rtexit$$00000002  c_p.l(rtexit2.o)
    0x0800013c   0x0800013c   0x00000004   Code   RO         1509    .ARM.Collect$$rtexit$$00000003  c_p.l(rtexit2.o)
    0x08000140   0x08000140   0x00000006   Code   RO         1510    .ARM.Collect$$rtexit$$00000004  c_p.l(rtexit2.o)
    0x08000146   0x08000146   0x00000002   PAD
    0x08000148   0x08000148   0x00000038   Code   RO            4    .text               startup_stm32g031xx.o
    0x08000180   0x08000180   0x00000110   Code   RO         1345    .text               c_p.l(lludiv.o)
    0x08000290   0x08000290   0x00000040   Code   RO         1347    .text               c_p.l(rt_memclr.o)
    0x080002d0   0x080002d0   0x00000006   Code   RO         1357    .text               c_p.l(heapauxi.o)
    0x080002d6   0x080002d6   0x00000002   PAD
    0x080002d8   0x080002d8   0x00000160   Code   RO         1379    .text               fz_ps.l(fdiv.o)
    0x08000438   0x08000438   0x0000004c   Code   RO         1382    .text               fz_ps.l(ffixi.o)
    0x08000484   0x08000484   0x0000005e   Code   RO         1384    .text               fz_ps.l(fflti.o)
    0x080004e2   0x080004e2   0x00000002   PAD
    0x080004e4   0x080004e4   0x00000064   Code   RO         1421    .text               fz_ps.l(fcmpin.o)
    0x08000548   0x08000548   0x0000003e   Code   RO         1423    .text               c_p.l(sys_stackheap_outer.o)
    0x08000586   0x08000586   0x00000010   Code   RO         1426    .text               c_p.l(exit.o)
    0x08000596   0x08000596   0x0000002e   Code   RO         1438    .text               fz_ps.l(cmpret.o)
    0x080005c4   0x080005c4   0x00000010   Code   RO         1440    .text               fz_ps.l(fnan2.o)
    0x080005d4   0x080005d4   0x00000008   Code   RO         1442    .text               c_p.l(libspace.o)
    0x080005dc   0x080005dc   0x0000005e   Code   RO         1501    .text               fz_ps.l(retnan.o)
    0x0800063a   0x0800063a   0x00000002   PAD
    0x0800063c   0x0800063c   0x0000000c   Code   RO         1503    .text               c_p.l(sys_exit.o)
    0x08000648   0x08000648   0x00000002   Code   RO         1526    .text               c_p.l(use_no_semi.o)
    0x0800064a   0x0800064a   0x00000000   Code   RO         1528    .text               c_p.l(indicate_semi.o)
    0x0800064a   0x0800064a   0x00000060   Code   RO         1582    .text               c_p.l(__dclz77c.o)
    0x080006aa   0x080006aa   0x00000002   PAD
    0x080006ac   0x080006ac   0x0000000c   Code   RO          219    .text.ADC1_IRQHandler  stm32g0xx_it.o
    0x080006b8   0x080006b8   0x0000007c   Code   RO          277    .text.ADC_DMAConvCplt  stm32g0xx_hal_adc.o
    0x08000734   0x08000734   0x0000001a   Code   RO          281    .text.ADC_DMAError  stm32g0xx_hal_adc.o
    0x0800074e   0x0800074e   0x0000000a   Code   RO          279    .text.ADC_DMAHalfConvCplt  stm32g0xx_hal_adc.o
    0x08000758   0x08000758   0x00000064   Code   RO          257    .text.ADC_Disable   stm32g0xx_hal_adc.o
    0x080007bc   0x080007bc   0x000000d8   Code   RO          263    .text.ADC_Enable    stm32g0xx_hal_adc.o
    0x08000894   0x08000894   0x0000004c   Code   RO           69    .text.CalculateAdcOffset  foc.o
    0x080008e0   0x080008e0   0x00000034   Code   RO          215    .text.DMA1_Channel1_IRQHandler  stm32g0xx_it.o
    0x08000914   0x08000914   0x00000010   Code   RO          217    .text.DMA1_Channel2_3_IRQHandler  stm32g0xx_it.o
    0x08000924   0x08000924   0x0000000c   Code   RO          213    .text.EXTI4_15_IRQHandler  stm32g0xx_it.o
    0x08000930   0x08000930   0x0000002c   Code   RO          100    .text.Error_Handler  main.o
    0x0800095c   0x0800095c   0x00000224   Code   RO           57    .text.FocContorl    foc.o
    0x08000b80   0x08000b80   0x00000094   Code   RO           51    .text.GetMotorPreCurrent  foc.o
    0x08000c14   0x08000c14   0x0000000c   Code   RO           19    .text.GetSVPWMSector  svpwm.o
    0x08000c20   0x08000c20   0x00000140   Code   RO           13    .text.GetVectorDuration  svpwm.o
    0x08000d60   0x08000d60   0x00000494   Code   RO          313    .text.HAL_ADCEx_Calibration_Start  stm32g0xx_hal_adc_ex.o
    0x080011f4   0x080011f4   0x00000002   Code   RO          325    .text.HAL_ADCEx_ChannelConfigReadyCallback  stm32g0xx_hal_adc_ex.o
    0x080011f6   0x080011f6   0x00000002   Code   RO          323    .text.HAL_ADCEx_EndOfSamplingCallback  stm32g0xx_hal_adc_ex.o
    0x080011f8   0x080011f8   0x00000002   Code   RO          319    .text.HAL_ADCEx_LevelOutOfWindow2Callback  stm32g0xx_hal_adc_ex.o
    0x080011fa   0x080011fa   0x00000002   Code   RO          321    .text.HAL_ADCEx_LevelOutOfWindow3Callback  stm32g0xx_hal_adc_ex.o
    0x080011fc   0x080011fc   0x000002c0   Code   RO          297    .text.HAL_ADC_ConfigChannel  stm32g0xx_hal_adc.o
    0x080014bc   0x080014bc   0x0000006c   Code   RO          104    .text.HAL_ADC_ConvCpltCallback  main.o
    0x08001528   0x08001528   0x00000002   Code   RO          295    .text.HAL_ADC_ConvHalfCpltCallback  stm32g0xx_hal_adc.o
    0x0800152a   0x0800152a   0x00000002   Code   RO          293    .text.HAL_ADC_ErrorCallback  stm32g0xx_hal_adc.o
    0x0800152c   0x0800152c   0x000001c0   Code   RO          287    .text.HAL_ADC_IRQHandler  stm32g0xx_hal_adc.o
    0x080016ec   0x080016ec   0x0000024c   Code   RO          249    .text.HAL_ADC_Init  stm32g0xx_hal_adc.o
    0x08001938   0x08001938   0x00000002   Code   RO          291    .text.HAL_ADC_LevelOutOfWindowCallback  stm32g0xx_hal_adc.o
    0x0800193a   0x0800193a   0x00000002   PAD
    0x0800193c   0x0800193c   0x000000cc   Code   RO          130    .text.HAL_ADC_MspInit  adc.o
    0x08001a08   0x08001a08   0x000000ac   Code   RO          275    .text.HAL_ADC_Start_DMA  stm32g0xx_hal_adc.o
    0x08001ab4   0x08001ab4   0x0000005c   Code   RO          799    .text.HAL_CRCEx_Polynomial_Set  stm32g0xx_hal_crc_ex.o
    0x08001b10   0x08001b10   0x0000007c   Code   RO          777    .text.HAL_CRC_Init  stm32g0xx_hal_crc.o
    0x08001b8c   0x08001b8c   0x00000030   Code   RO          146    .text.HAL_CRC_MspInit  crc.o
    0x08001bbc   0x08001bbc   0x00000070   Code   RO          494    .text.HAL_DMA_Abort  stm32g0xx_hal_dma.o
    0x08001c2c   0x08001c2c   0x00000070   Code   RO          496    .text.HAL_DMA_Abort_IT  stm32g0xx_hal_dma.o
    0x08001c9c   0x08001c9c   0x000000e0   Code   RO          500    .text.HAL_DMA_IRQHandler  stm32g0xx_hal_dma.o
    0x08001d7c   0x08001d7c   0x00000100   Code   RO          486    .text.HAL_DMA_Init  stm32g0xx_hal_dma.o
    0x08001e7c   0x08001e7c   0x000000cc   Code   RO          492    .text.HAL_DMA_Start_IT  stm32g0xx_hal_dma.o
    0x08001f48   0x08001f48   0x00000020   Code   RO          693    .text.HAL_Delay     stm32g0xx_hal.o
    0x08001f68   0x08001f68   0x00000028   Code   RO          106    .text.HAL_GPIO_EXTI_Falling_Callback  main.o
    0x08001f90   0x08001f90   0x00000028   Code   RO          472    .text.HAL_GPIO_EXTI_IRQHandler  stm32g0xx_hal_gpio.o
    0x08001fb8   0x08001fb8   0x00000002   Code   RO          474    .text.HAL_GPIO_EXTI_Rising_Callback  stm32g0xx_hal_gpio.o
    0x08001fba   0x08001fba   0x00000002   PAD
    0x08001fbc   0x08001fbc   0x000001a4   Code   RO          460    .text.HAL_GPIO_Init  stm32g0xx_hal_gpio.o
    0x08002160   0x08002160   0x0000000a   Code   RO          464    .text.HAL_GPIO_ReadPin  stm32g0xx_hal_gpio.o
    0x0800216a   0x0800216a   0x00000010   Code   RO          468    .text.HAL_GPIO_TogglePin  stm32g0xx_hal_gpio.o
    0x0800217a   0x0800217a   0x00000010   Code   RO          466    .text.HAL_GPIO_WritePin  stm32g0xx_hal_gpio.o
    0x0800218a   0x0800218a   0x00000002   PAD
    0x0800218c   0x0800218c   0x00000008   Code   RO          685    .text.HAL_GetTick   stm32g0xx_hal.o
    0x08002194   0x08002194   0x00000014   Code   RO          683    .text.HAL_IncTick   stm32g0xx_hal.o
    0x080021a8   0x080021a8   0x0000002c   Code   RO          673    .text.HAL_Init      stm32g0xx_hal.o
    0x080021d4   0x080021d4   0x00000044   Code   RO          675    .text.HAL_InitTick  stm32g0xx_hal.o
    0x08002218   0x08002218   0x0000003c   Code   RO          241    .text.HAL_MspInit   stm32g0xx_hal_msp.o
    0x08002254   0x08002254   0x00000018   Code   RO          633    .text.HAL_NVIC_EnableIRQ  stm32g0xx_hal_cortex.o
    0x0800226c   0x0800226c   0x00000038   Code   RO          631    .text.HAL_NVIC_SetPriority  stm32g0xx_hal_cortex.o
    0x080022a4   0x080022a4   0x00000080   Code   RO          609    .text.HAL_PWREx_ControlVoltageScaling  stm32g0xx_hal_pwr_ex.o
    0x08002324   0x08002324   0x000001c4   Code   RO          378    .text.HAL_RCCEx_PeriphCLKConfig  stm32g0xx_hal_rcc_ex.o
    0x080024e8   0x080024e8   0x000001f8   Code   RO          342    .text.HAL_RCC_ClockConfig  stm32g0xx_hal_rcc.o
    0x080026e0   0x080026e0   0x00000024   Code   RO          350    .text.HAL_RCC_GetPCLK1Freq  stm32g0xx_hal_rcc.o
    0x08002704   0x08002704   0x00000088   Code   RO          344    .text.HAL_RCC_GetSysClockFreq  stm32g0xx_hal_rcc.o
    0x0800278c   0x0800278c   0x00000458   Code   RO          340    .text.HAL_RCC_OscConfig  stm32g0xx_hal_rcc.o
    0x08002be4   0x08002be4   0x00000010   Code   RO          733    .text.HAL_SYSCFG_EnableRemap  stm32g0xx_hal.o
    0x08002bf4   0x08002bf4   0x00000034   Code   RO          639    .text.HAL_SYSTICK_Config  stm32g0xx_hal_cortex.o
    0x08002c28   0x08002c28   0x00000002   Code   RO         1130    .text.HAL_TIMEx_Break2Callback  stm32g0xx_hal_tim_ex.o
    0x08002c2a   0x08002c2a   0x00000002   Code   RO         1128    .text.HAL_TIMEx_BreakCallback  stm32g0xx_hal_tim_ex.o
    0x08002c2c   0x08002c2c   0x00000002   Code   RO         1124    .text.HAL_TIMEx_CommutCallback  stm32g0xx_hal_tim_ex.o
    0x08002c2e   0x08002c2e   0x00000002   PAD
    0x08002c30   0x08002c30   0x000000bc   Code   RO         1110    .text.HAL_TIMEx_ConfigBreakDeadTime  stm32g0xx_hal_tim_ex.o
    0x08002cec   0x08002cec   0x000000d4   Code   RO         1042    .text.HAL_TIMEx_HallSensor_Init  stm32g0xx_hal_tim_ex.o
    0x08002dc0   0x08002dc0   0x00000002   Code   RO         1044    .text.HAL_TIMEx_HallSensor_MspInit  stm32g0xx_hal_tim_ex.o
    0x08002dc2   0x08002dc2   0x00000002   PAD
    0x08002dc4   0x08002dc4   0x0000007c   Code   RO         1054    .text.HAL_TIMEx_HallSensor_Start_IT  stm32g0xx_hal_tim_ex.o
    0x08002e40   0x08002e40   0x00000060   Code   RO         1108    .text.HAL_TIMEx_MasterConfigSynchronization  stm32g0xx_hal_tim_ex.o
    0x08002ea0   0x08002ea0   0x000000a8   Code   RO         1078    .text.HAL_TIMEx_PWMN_Start  stm32g0xx_hal_tim_ex.o
    0x08002f48   0x08002f48   0x0000007c   Code   RO         1080    .text.HAL_TIMEx_PWMN_Stop  stm32g0xx_hal_tim_ex.o
    0x08002fc4   0x08002fc4   0x000000f0   Code   RO          813    .text.HAL_TIM_Base_Init  stm32g0xx_hal_tim.o
    0x080030b4   0x080030b4   0x000000ec   Code   RO          173    .text.HAL_TIM_Base_MspInit  tim.o
    0x080031a0   0x080031a0   0x0000005c   Code   RO          827    .text.HAL_TIM_Base_Start_IT  stm32g0xx_hal_tim.o
    0x080031fc   0x080031fc   0x0000003c   Code   RO          829    .text.HAL_TIM_Base_Stop_IT  stm32g0xx_hal_tim.o
    0x08003238   0x08003238   0x0000015c   Code   RO          993    .text.HAL_TIM_ConfigClockSource  stm32g0xx_hal_tim.o
    0x08003394   0x08003394   0x00000070   Code   RO          102    .text.HAL_TIM_IC_CaptureCallback  main.o
    0x08003404   0x08003404   0x000001dc   Code   RO          947    .text.HAL_TIM_IRQHandler  stm32g0xx_hal_tim.o
    0x080035e0   0x080035e0   0x00000002   Code   RO          951    .text.HAL_TIM_OC_DelayElapsedCallback  stm32g0xx_hal_tim.o
    0x080035e2   0x080035e2   0x00000002   PAD
    0x080035e4   0x080035e4   0x0000036c   Code   RO          967    .text.HAL_TIM_PWM_ConfigChannel  stm32g0xx_hal_tim.o
    0x08003950   0x08003950   0x000000ec   Code   RO          867    .text.HAL_TIM_PWM_Init  stm32g0xx_hal_tim.o
    0x08003a3c   0x08003a3c   0x00000002   Code   RO          869    .text.HAL_TIM_PWM_MspInit  stm32g0xx_hal_tim.o
    0x08003a3e   0x08003a3e   0x00000002   Code   RO          953    .text.HAL_TIM_PWM_PulseFinishedCallback  stm32g0xx_hal_tim.o
    0x08003a40   0x08003a40   0x00000100   Code   RO          875    .text.HAL_TIM_PWM_Start  stm32g0xx_hal_tim.o
    0x08003b40   0x08003b40   0x0000011c   Code   RO          879    .text.HAL_TIM_PWM_Start_IT  stm32g0xx_hal_tim.o
    0x08003c5c   0x08003c5c   0x000000a8   Code   RO          877    .text.HAL_TIM_PWM_Stop  stm32g0xx_hal_tim.o
    0x08003d04   0x08003d04   0x000000c4   Code   RO          881    .text.HAL_TIM_PWM_Stop_IT  stm32g0xx_hal_tim.o
    0x08003dc8   0x08003dc8   0x00000002   Code   RO          955    .text.HAL_TIM_PeriodElapsedCallback  stm32g0xx_hal_tim.o
    0x08003dca   0x08003dca   0x00000002   PAD
    0x08003dcc   0x08003dcc   0x00000038   Code   RO         1003    .text.HAL_TIM_ReadCapturedValue  stm32g0xx_hal_tim.o
    0x08003e04   0x08003e04   0x00000002   Code   RO          957    .text.HAL_TIM_TriggerCallback  stm32g0xx_hal_tim.o
    0x08003e06   0x08003e06   0x00000002   Code   RO         1234    .text.HAL_UARTEx_RxEventCallback  stm32g0xx_hal_uart.o
    0x08003e08   0x08003e08   0x00000002   Code   RO         1292    .text.HAL_UARTEx_RxFifoFullCallback  stm32g0xx_hal_uart_ex.o
    0x08003e0a   0x08003e0a   0x00000002   Code   RO         1294    .text.HAL_UARTEx_TxFifoEmptyCallback  stm32g0xx_hal_uart_ex.o
    0x08003e0c   0x08003e0c   0x00000002   Code   RO         1290    .text.HAL_UARTEx_WakeupCallback  stm32g0xx_hal_uart_ex.o
    0x08003e0e   0x08003e0e   0x00000002   Code   RO         1232    .text.HAL_UART_ErrorCallback  stm32g0xx_hal_uart.o
    0x08003e10   0x08003e10   0x00000474   Code   RO         1228    .text.HAL_UART_IRQHandler  stm32g0xx_hal_uart.o
    0x08004284   0x08004284   0x0000006c   Code   RO         1144    .text.HAL_UART_Init  stm32g0xx_hal_uart.o
    0x080042f0   0x080042f0   0x000000a0   Code   RO          189    .text.HAL_UART_MspInit  usart.o
    0x08004390   0x08004390   0x000000b0   Code   RO         1184    .text.HAL_UART_Transmit_DMA  stm32g0xx_hal_uart.o
    0x08004440   0x08004440   0x00000002   Code   RO         1236    .text.HAL_UART_TxCpltCallback  stm32g0xx_hal_uart.o
    0x08004442   0x08004442   0x00000002   Code   RO         1238    .text.HAL_UART_TxHalfCpltCallback  stm32g0xx_hal_uart.o
    0x08004444   0x08004444   0x00000002   Code   RO          205    .text.HardFault_Handler  stm32g0xx_it.o
    0x08004446   0x08004446   0x00000002   PAD
    0x08004448   0x08004448   0x000000b0   Code   RO          128    .text.MX_ADC1_Init  adc.o
    0x080044f8   0x080044f8   0x0000002c   Code   RO          144    .text.MX_CRC_Init   crc.o
    0x08004524   0x08004524   0x00000044   Code   RO          159    .text.MX_DMA_Init   dma.o
    0x08004568   0x08004568   0x0000008c   Code   RO          120    .text.MX_GPIO_Init  gpio.o
    0x080045f4   0x080045f4   0x00000190   Code   RO          167    .text.MX_TIM1_Init  tim.o
    0x08004784   0x08004784   0x00000084   Code   RO          171    .text.MX_TIM2_Init  tim.o
    0x08004808   0x08004808   0x0000003c   Code   RO          187    .text.MX_USART2_UART_Init  usart.o
    0x08004844   0x08004844   0x00000002   Code   RO          203    .text.NMI_Handler   stm32g0xx_it.o
    0x08004846   0x08004846   0x00000002   Code   RO          209    .text.PendSV_Handler  stm32g0xx_it.o
    0x08004848   0x08004848   0x00000002   Code   RO          207    .text.SVC_Handler   stm32g0xx_it.o
    0x0800484a   0x0800484a   0x00000002   PAD
    0x0800484c   0x0800484c   0x00000018   Code   RO           33    .text.SetTIM1Channel1HighLeaveTime_us  timxpwm.o
    0x08004864   0x08004864   0x00000018   Code   RO           35    .text.SetTIM1Channel2HighLeaveTime_us  timxpwm.o
    0x0800487c   0x0800487c   0x00000018   Code   RO           37    .text.SetTIM1Channel3HighLeaveTime_us  timxpwm.o
    0x08004894   0x08004894   0x0000001c   Code   RO           41    .text.SetTIM1Channel4HighLeaveTime_us  timxpwm.o
    0x080048b0   0x080048b0   0x000000a0   Code   RO           17    .text.SvpwmContorol  svpwm.o
    0x08004950   0x08004950   0x00000158   Code   RO           15    .text.SvpwmGenerate  svpwm.o
    0x08004aa8   0x08004aa8   0x00000008   Code   RO          211    .text.SysTick_Handler  stm32g0xx_it.o
    0x08004ab0   0x08004ab0   0x000000b4   Code   RO           98    .text.SystemClock_Config  main.o
    0x08004b64   0x08004b64   0x00000002   Code   RO         1329    .text.SystemInit    system_stm32g0xx.o
    0x08004b66   0x08004b66   0x00000002   PAD
    0x08004b68   0x08004b68   0x00000020   Code   RO          221    .text.TIM1_CC_IRQHandler  stm32g0xx_it.o
    0x08004b88   0x08004b88   0x00000010   Code   RO          223    .text.TIM2_IRQHandler  stm32g0xx_it.o
    0x08004b98   0x08004b98   0x000000ac   Code   RO          817    .text.TIM_Base_SetConfig  stm32g0xx_hal_tim.o
    0x08004c44   0x08004c44   0x0000001a   Code   RO          851    .text.TIM_CCxChannelCmd  stm32g0xx_hal_tim.o
    0x08004c5e   0x08004c5e   0x00000002   PAD
    0x08004c60   0x08004c60   0x00000084   Code   RO          961    .text.TIM_OC2_SetConfig  stm32g0xx_hal_tim.o
    0x08004ce4   0x08004ce4   0x0000004c   Code   RO          965    .text.TIM_TI1_SetConfig  stm32g0xx_hal_tim.o
    0x08004d30   0x08004d30   0x0000005c   Code   RO           31    .text.TIMx_PWM_Init  timxpwm.o
    0x08004d8c   0x08004d8c   0x0000009c   Code   RO           39    .text.TimerxChannel4ITEnable  timxpwm.o
    0x08004e28   0x08004e28   0x000000d2   Code   RO         1148    .text.UART_AdvFeatureConfig  stm32g0xx_hal_uart.o
    0x08004efa   0x08004efa   0x00000002   PAD
    0x08004efc   0x08004efc   0x000000c4   Code   RO         1152    .text.UART_CheckIdleState  stm32g0xx_hal_uart.o
    0x08004fc0   0x08004fc0   0x00000016   Code   RO         1230    .text.UART_DMAAbortOnError  stm32g0xx_hal_uart.o
    0x08004fd6   0x08004fd6   0x00000002   PAD
    0x08004fd8   0x08004fd8   0x000000d8   Code   RO         1190    .text.UART_DMAError  stm32g0xx_hal_uart.o
    0x080050b0   0x080050b0   0x0000004a   Code   RO         1186    .text.UART_DMATransmitCplt  stm32g0xx_hal_uart.o
    0x080050fa   0x080050fa   0x0000000a   Code   RO         1188    .text.UART_DMATxHalfCplt  stm32g0xx_hal_uart.o
    0x08005104   0x08005104   0x00000204   Code   RO         1150    .text.UART_SetConfig  stm32g0xx_hal_uart.o
    0x08005308   0x08005308   0x000001c4   Code   RO         1166    .text.UART_WaitOnFlagUntilTimeout  stm32g0xx_hal_uart.o
    0x080054cc   0x080054cc   0x00000010   Code   RO          225    .text.USART2_IRQHandler  stm32g0xx_it.o
    0x080054dc   0x080054dc   0x0000001c   Code   RO           85    .text.cos_table     sincos.o
    0x080054f8   0x080054f8   0x00000058   Code   RO           96    .text.main          main.o
    0x08005550   0x08005550   0x0000001c   Code   RO           83    .text.sin_table     sincos.o
    0x0800556c   0x0800556c   0x000001f6   Code   RO         1350    .text_divfast       c_p.l(aeabi_sdivfast.o)
    0x08005762   0x08005762   0x00000016   Code   RO         1369    i._fgr              fz_ps.l(fcmp.o)
    0x08005778   0x08005778   0x0000001a   Code   RO         1370    i._fleq             fz_ps.l(fcmp.o)
    0x08005792   0x08005792   0x00000016   Code   RO         1371    i._fls              fz_ps.l(fcmp.o)
    0x080057a8   0x080057a8   0x0000008c   Code   RO         1361    x$fpl$fadd          fz_ps.l(faddsub.o)
    0x08005834   0x08005834   0x00000054   Code   RO         1399    x$fpl$fgeqf         fz_ps.l(fgef.o)
    0x08005888   0x08005888   0x00000054   Code   RO         1401    x$fpl$fleqf         fz_ps.l(flef.o)
    0x080058dc   0x080058dc   0x000000b0   Code   RO         1386    x$fpl$fmul          fz_ps.l(fmul.o)
    0x0800598c   0x0800598c   0x000000d0   Code   RO         1363    x$fpl$fsub          fz_ps.l(faddsub.o)
    0x08005a5c   0x08005a5c   0x00000000   Code   RO         1403    x$fpl$usenofp       fz_ps.l(usenofp.o)
    0x08005a5c   0x08005a5c   0x00000040   Data   RO         1380    .constdata          fz_ps.l(fdiv.o)
    0x08005a9c   0x08005a9c   0x00000006   Data   RO           22    .rodata..Lswitch.table.SvpwmContorol  svpwm.o
    0x08005aa2   0x08005aa2   0x00000002   PAD
    0x08005aa4   0x08005aa4   0x00000040   Data   RO         1334    .rodata.AHBPrescTable  system_stm32g0xx.o
    0x08005ae4   0x08005ae4   0x00000020   Data   RO         1335    .rodata.APBPrescTable  system_stm32g0xx.o
    0x08005b04   0x08005b04   0x00000018   Data   RO         1278    .rodata.UARTPrescTable  stm32g0xx_hal_uart.o
    0x08005b1c   0x08005b1c   0x00000008   Data   RO          108    .rodata.beat        main.o
    0x08005b24   0x08005b24   0x00000020   Data   RO         1033    .rodata.cst16       stm32g0xx_hal_tim.o
    0x08005b44   0x08005b44   0x00000010   Data   RO         1279    .rodata.cst16       stm32g0xx_hal_uart.o
    0x08005b54   0x08005b54   0x00000020   Data   RO         1581    Region$$Table       anon$$obj.o


    Execution Region RW_IRAM1 (Exec base: 0x20000000, Load base: 0x08005b78, Size: 0x00001a18, Max: 0x00002000, ABSOLUTE, COMPRESSED[0x00000d70])

    Exec Addr    Load Addr    Size         Type   Attr      Idx    E Section Name        Object

    0x20000000   COMPRESSED   0x00000008   Data   RW          742    .data..L_MergedGlobals  stm32g0xx_hal.o
    0x20000008   COMPRESSED   0x00000016   Data   RW           71    .data.FOCdata       foc.o
    0x2000001e   COMPRESSED   0x00000002   PAD
    0x20000020   COMPRESSED   0x00001000   Data   RW           87    .data.SIN_1024      sincos.o
    0x20001020   COMPRESSED   0x00000004   Data   RW         1333    .data.SystemCoreClock  system_stm32g0xx.o
    0x20001024   COMPRESSED   0x00000058   Data   RW           21    .data.gMotor        svpwm.o
    0x2000107c   COMPRESSED   0x00000094   Data   RW           72    .data.gMotorFOC     foc.o
    0x20001110        -       0x00000060   Zero   RW         1443    .bss                c_p.l(libspace.o)
    0x20001170        -       0x00000030   Zero   RW           74    .bss..L_MergedGlobals.1  foc.o
    0x200011a0        -       0x00000001   Zero   RW          109    .bss.adc_cnt        main.o
    0x200011a1   COMPRESSED   0x00000003   PAD
    0x200011a4        -       0x00000064   Zero   RW          134    .bss.hadc1          adc.o
    0x20001208        -       0x00000024   Zero   RW          150    .bss.hcrc           crc.o
    0x2000122c        -       0x0000005c   Zero   RW          135    .bss.hdma_adc1      adc.o
    0x20001288        -       0x0000005c   Zero   RW          194    .bss.hdma_usart2_tx  usart.o
    0x200012e4        -       0x0000004c   Zero   RW          177    .bss.htim1          tim.o
    0x20001330        -       0x0000004c   Zero   RW          178    .bss.htim2          tim.o
    0x2000137c        -       0x00000094   Zero   RW          193    .bss.huart2         usart.o
    0x20001410        -       0x00000001   Zero   RW          110    .bss.state          main.o
    0x20001411   COMPRESSED   0x00000003   PAD
    0x20001414        -       0x00000004   Zero   RW          741    .bss.uwTick         stm32g0xx_hal.o
    0x20001418        -       0x00000200   Zero   RW            2    HEAP                startup_stm32g031xx.o
    0x20001618        -       0x00000400   Zero   RW            1    STACK               startup_stm32g031xx.o


==============================================================================

Image component sizes


      Code (inc. data)   RO Data    RW Data    ZI Data      Debug   Object Name

       380         36          0          0        192       6712   adc.o
        92         16          0          0         36       2662   crc.o
        68          4          0          0          0       1895   dma.o
       772         52          0        170         48       6413   foc.o
       140          8          0          0          0       2621   gpio.o
       572         64          8          0          2       8087   main.o
        56          4          0       4096          0        802   sincos.o
        56         26        192          0       1536        596   startup_stm32g031xx.o
       188         16          0          8          4       7574   stm32g0xx_hal.o
      2394         96          0          0          0      22393   stm32g0xx_hal_adc.o
      1180         20          0          0          0       9828   stm32g0xx_hal_adc_ex.o
       132         24          0          0          0       6905   stm32g0xx_hal_cortex.o
       124          4          0          0          0       8298   stm32g0xx_hal_crc.o
        92         16          0          0          0       2664   stm32g0xx_hal_crc_ex.o
       908         28          0          0          0       9209   stm32g0xx_hal_dma.o
       504         24          0          0          0       4781   stm32g0xx_hal_gpio.o
        60          4          0          0          0       1262   stm32g0xx_hal_msp.o
       128         12          0          0          0       7062   stm32g0xx_hal_pwr_ex.o
      1788         84          0          0          0       9428   stm32g0xx_hal_rcc.o
       452         16          0          0          0       6804   stm32g0xx_hal_rcc_ex.o
      3704        264         32          0          0      69144   stm32g0xx_hal_tim.o
       920         48          0          0          0      26569   stm32g0xx_hal_tim_ex.o
      3128        122         40          0          0      49713   stm32g0xx_hal_uart.o
         6          0          0          0          0      11971   stm32g0xx_hal_uart_ex.o
       172         40          0          0          0       2906   stm32g0xx_it.o
       836         40          6         88          0       3243   svpwm.o
         2          0         96          4          0       1943   system_stm32g0xx.o
       768         28          0          0        152       9227   tim.o
       348          8          0          0          0       2744   timxpwm.o
       220         24          0          0        240       6205   usart.o

    ----------------------------------------------------------------------
     20216       1128        408       4368       2216     309661   Object Totals
         0          0         32          0          0          0   (incl. Generated)
        26          0          2          2          6          0   (incl. Padding)

    ----------------------------------------------------------------------

      Code (inc. data)   RO Data    RW Data    ZI Data      Debug   Library Member Name

        96          0          0          0          0          0   __dclz77c.o
         8          0          0          0          0         68   __main.o
         0          0          0          0          0          0   __rtentry.o
        12          0          0          0          0          0   __rtentry2.o
         6          0          0          0          0          0   __rtentry4.o
        60          8          0          0          0          0   __scatter.o
        28          0          0          0          0          0   __scatter_zi.o
       502          0          0          0          0         92   aeabi_sdivfast.o
        16          0          0          0          0         68   exit.o
         6          0          0          0          0        136   heapauxi.o
         0          0          0          0          0          0   indicate_semi.o
         2          0          0          0          0          0   libinit.o
         2          0          0          0          0          0   libinit2.o
         2          0          0          0          0          0   libshutdown.o
         2          0          0          0          0          0   libshutdown2.o
         8          4          0          0         96         68   libspace.o
       272          0          0          0          0         88   lludiv.o
        64          0          0          0          0        108   rt_memclr.o
         2          0          0          0          0          0   rtexit.o
        10          0          0          0          0          0   rtexit2.o
        12          4          0          0          0         60   sys_exit.o
        62          0          0          0          0         80   sys_stackheap_outer.o
         2          0          0          0          0         68   use_no_semi.o
        46          0          0          0          0         60   cmpret.o
       348          8          0          0          0        160   faddsub.o
        70          0          0          0          0        204   fcmp.o
       100          4          0          0          0         68   fcmpin.o
       352         10         64          0          0         92   fdiv.o
        76          0          0          0          0         68   ffixi.o
        94          0          0          0          0         92   fflti.o
        84          4          0          0          0         76   fgef.o
        84          4          0          0          0         76   flef.o
       176          4          0          0          0         80   fmul.o
        16          6          0          0          0         68   fnan2.o
        94          0          0          0          0         68   retnan.o
         0          0          0          0          0          0   usenofp.o

    ----------------------------------------------------------------------
      2724         56         64          0         96       1948   Library Totals
        10          0          0          0          0          0   (incl. Padding)

    ----------------------------------------------------------------------

      Code (inc. data)   RO Data    RW Data    ZI Data      Debug   Library Name

      1174         16          0          0         96        836   c_p.l
      1540         40         64          0          0       1112   fz_ps.l

    ----------------------------------------------------------------------
      2724         56         64          0         96       1948   Library Totals

    ----------------------------------------------------------------------

==============================================================================


      Code (inc. data)   RO Data    RW Data    ZI Data      Debug   

     22940       1184        472       4368       2312     310121   Grand Totals
     22940       1184        472       3440       2312     310121   ELF Image Totals (compressed)
     22940       1184        472       3440          0          0   ROM Totals

==============================================================================

    Total RO  Size (Code + RO Data)                23412 (  22.86kB)
    Total RW  Size (RW Data + ZI Data)              6680 (   6.52kB)
    Total ROM Size (Code + RO Data + RW Data)      26852 (  26.22kB)

==============================================================================

